Jan 17 10:08:07 ubuntu rsyslogd: [origin software="rsyslogd" swVersion="8.16.0" x-pid="3307" x-info="http://www.rsyslog.com"] start
Jan 17 10:08:07 ubuntu rsyslogd-2222: command 'KLogPermitNonKernelFacility' is currently not permitted - did you already set it via a RainerScript command (v6+ config)? [v8.16.0 try http://www.rsyslog.com/e/2222 ]
Jan 17 10:08:07 ubuntu rsyslogd: rsyslogd's groupid changed to 108
Jan 17 10:08:07 ubuntu rsyslogd: rsyslogd's userid changed to 104
Jan 17 10:08:07 ubuntu rsyslogd-2039: Could not open output pipe '/dev/xconsole':: No such file or directory [v8.16.0 try http://www.rsyslog.com/e/2039 ]
Jan 17 10:08:07 ubuntu rsyslogd-2007: action 'action 10' suspended, next retry is Thu Jan 17 10:08:37 2019 [v8.16.0 try http://www.rsyslog.com/e/2007 ]
Jan 17 10:08:07 ubuntu kernel: [    0.000000] Linux version 4.15.0-29-generic (buildd@lcy01-amd64-024) (gcc version 5.4.0 20160609 (Ubuntu 5.4.0-6ubuntu1~16.04.10)) #31~16.04.1-Ubuntu SMP Wed Jul 18 08:54:04 UTC 2018 (Ubuntu 4.15.0-29.31~16.04.1-generic 4.15.18)
Jan 17 10:08:07 ubuntu kernel: [    0.000000] Command line: initrd=initrd file=/cdrom/preseed/ubuntu.seed boot=casper quiet splash --- debian-installer/custom-installation=/custom find_preseed=/preseed.cfg auto preseed/file=/floppy/preseed.cfg automatic-ubiquity noprompt priority=critical locale=en_US console-setup/modelcode=evdev BOOT_IMAGE=vmlinuz 
Jan 17 10:08:07 ubuntu kernel: [    0.000000] KERNEL supported cpus:
Jan 17 10:08:07 ubuntu kernel: [    0.000000]   Intel GenuineIntel
Jan 17 10:08:07 ubuntu kernel: [    0.000000]   AMD AuthenticAMD
Jan 17 10:08:07 ubuntu kernel: [    0.000000]   Centaur CentaurHauls
Jan 17 10:08:07 ubuntu kernel: [    0.000000] Disabled fast string operations
Jan 17 10:08:07 ubuntu kernel: [    0.000000] x86/fpu: Supporting XSAVE feature 0x001: 'x87 floating point registers'
Jan 17 10:08:07 ubuntu kernel: [    0.000000] x86/fpu: Supporting XSAVE feature 0x002: 'SSE registers'
Jan 17 10:08:07 ubuntu kernel: [    0.000000] x86/fpu: Supporting XSAVE feature 0x004: 'AVX registers'
Jan 17 10:08:07 ubuntu kernel: [    0.000000] x86/fpu: Supporting XSAVE feature 0x008: 'MPX bounds registers'
Jan 17 10:08:07 ubuntu kernel: [    0.000000] x86/fpu: Supporting XSAVE feature 0x010: 'MPX CSR'
Jan 17 10:08:07 ubuntu kernel: [    0.000000] x86/fpu: xstate_offset[2]:  576, xstate_sizes[2]:  256
Jan 17 10:08:07 ubuntu kernel: [    0.000000] x86/fpu: xstate_offset[3]:  832, xstate_sizes[3]:   64
Jan 17 10:08:07 ubuntu kernel: [    0.000000] x86/fpu: xstate_offset[4]:  896, xstate_sizes[4]:   64
Jan 17 10:08:07 ubuntu kernel: [    0.000000] x86/fpu: Enabled xstate features 0x1f, context size is 960 bytes, using 'compacted' format.
Jan 17 10:08:07 ubuntu kernel: [    0.000000] e820: BIOS-provided physical RAM map:
Jan 17 10:08:07 ubuntu kernel: [    0.000000] BIOS-e820: [mem 0x0000000000000000-0x000000000009e7ff] usable
Jan 17 10:08:07 ubuntu kernel: [    0.000000] BIOS-e820: [mem 0x000000000009e800-0x000000000009ffff] reserved
Jan 17 10:08:07 ubuntu kernel: [    0.000000] BIOS-e820: [mem 0x00000000000dc000-0x00000000000fffff] reserved
Jan 17 10:08:07 ubuntu kernel: [    0.000000] BIOS-e820: [mem 0x0000000000100000-0x000000003fedffff] usable
Jan 17 10:08:07 ubuntu kernel: [    0.000000] BIOS-e820: [mem 0x000000003fee0000-0x000000003fefefff] ACPI data
Jan 17 10:08:07 ubuntu kernel: [    0.000000] BIOS-e820: [mem 0x000000003feff000-0x000000003fefffff] ACPI NVS
Jan 17 10:08:07 ubuntu kernel: [    0.000000] BIOS-e820: [mem 0x000000003ff00000-0x000000003fffffff] usable
Jan 17 10:08:07 ubuntu kernel: [    0.000000] BIOS-e820: [mem 0x00000000f0000000-0x00000000f7ffffff] reserved
Jan 17 10:08:07 ubuntu kernel: [    0.000000] BIOS-e820: [mem 0x00000000fec00000-0x00000000fec0ffff] reserved
Jan 17 10:08:07 ubuntu kernel: [    0.000000] BIOS-e820: [mem 0x00000000fee00000-0x00000000fee00fff] reserved
Jan 17 10:08:07 ubuntu kernel: [    0.000000] BIOS-e820: [mem 0x00000000fffe0000-0x00000000ffffffff] reserved
Jan 17 10:08:07 ubuntu kernel: [    0.000000] NX (Execute Disable) protection: active
Jan 17 10:08:07 ubuntu kernel: [    0.000000] SMBIOS 2.7 present.
Jan 17 10:08:07 ubuntu kernel: [    0.000000] DMI: VMware, Inc. VMware Virtual Platform/440BX Desktop Reference Platform, BIOS 6.00 05/19/2017
Jan 17 10:08:07 ubuntu kernel: [    0.000000] Hypervisor detected: VMware
Jan 17 10:08:07 ubuntu kernel: [    0.000000] vmware: TSC freq read from hypervisor : 1992.001 MHz
Jan 17 10:08:07 ubuntu kernel: [    0.000000] vmware: Host bus clock speed read from hypervisor : 66000000 Hz
Jan 17 10:08:07 ubuntu kernel: [    0.000000] vmware: using sched offset of 3592359910 ns
Jan 17 10:08:07 ubuntu kernel: [    0.000000] e820: update [mem 0x00000000-0x00000fff] usable ==> reserved
Jan 17 10:08:07 ubuntu kernel: [    0.000000] e820: remove [mem 0x000a0000-0x000fffff] usable
Jan 17 10:08:07 ubuntu kernel: [    0.000000] e820: last_pfn = 0x40000 max_arch_pfn = 0x400000000
Jan 17 10:08:07 ubuntu kernel: [    0.000000] MTRR default type: uncachable
Jan 17 10:08:07 ubuntu kernel: [    0.000000] MTRR fixed ranges enabled:
Jan 17 10:08:07 ubuntu kernel: [    0.000000]   00000-9FFFF write-back
Jan 17 10:08:07 ubuntu kernel: [    0.000000]   A0000-BFFFF uncachable
Jan 17 10:08:07 ubuntu kernel: [    0.000000]   C0000-CFFFF write-protect
Jan 17 10:08:07 ubuntu kernel: [    0.000000]   D0000-EFFFF uncachable
Jan 17 10:08:07 ubuntu kernel: [    0.000000]   F0000-FFFFF write-protect
Jan 17 10:08:07 ubuntu kernel: [    0.000000] MTRR variable ranges enabled:
Jan 17 10:08:07 ubuntu kernel: [    0.000000]   0 base 000C0000000 mask 7FFC0000000 uncachable
Jan 17 10:08:07 ubuntu kernel: [    0.000000]   1 base 00000000000 mask 7FF00000000 write-back
Jan 17 10:08:07 ubuntu kernel: [    0.000000]   2 disabled
Jan 17 10:08:07 ubuntu kernel: [    0.000000]   3 disabled
Jan 17 10:08:07 ubuntu kernel: [    0.000000]   4 disabled
Jan 17 10:08:07 ubuntu kernel: [    0.000000]   5 disabled
Jan 17 10:08:07 ubuntu kernel: [    0.000000]   6 disabled
Jan 17 10:08:07 ubuntu kernel: [    0.000000]   7 disabled
Jan 17 10:08:07 ubuntu kernel: [    0.000000] x86/PAT: Configuration [0-7]: WB  WC  UC- UC  WB  WP  UC- WT  
Jan 17 10:08:07 ubuntu kernel: [    0.000000] total RAM covered: 3072M
Jan 17 10:08:07 ubuntu kernel: [    0.000000] Found optimal setting for mtrr clean up
Jan 17 10:08:07 ubuntu kernel: [    0.000000]  gran_size: 64K 	chunk_size: 64K 	num_reg: 2  	lose cover RAM: 0G
Jan 17 10:08:07 ubuntu kernel: [    0.000000] found SMP MP-table at [mem 0x000f6a80-0x000f6a8f] mapped at [        (ptrval)]
Jan 17 10:08:07 ubuntu kernel: [    0.000000] Scanning 1 areas for low memory corruption
Jan 17 10:08:07 ubuntu kernel: [    0.000000] Base memory trampoline at [        (ptrval)] 98000 size 24576
Jan 17 10:08:07 ubuntu kernel: [    0.000000] Using GB pages for direct mapping
Jan 17 10:08:07 ubuntu kernel: [    0.000000] BRK [0x2853e000, 0x2853efff] PGTABLE
Jan 17 10:08:07 ubuntu kernel: [    0.000000] BRK [0x2853f000, 0x2853ffff] PGTABLE
Jan 17 10:08:07 ubuntu kernel: [    0.000000] BRK [0x28540000, 0x28540fff] PGTABLE
Jan 17 10:08:07 ubuntu kernel: [    0.000000] BRK [0x28541000, 0x28541fff] PGTABLE
Jan 17 10:08:07 ubuntu kernel: [    0.000000] BRK [0x28542000, 0x28542fff] PGTABLE
Jan 17 10:08:07 ubuntu kernel: [    0.000000] RAMDISK: [mem 0x3dd5f000-0x3febefff]
Jan 17 10:08:07 ubuntu kernel: [    0.000000] ACPI: Early table checksum verification disabled
Jan 17 10:08:07 ubuntu kernel: [    0.000000] ACPI: RSDP 0x00000000000F6A10 000024 (v02 PTLTD )
Jan 17 10:08:07 ubuntu kernel: [    0.000000] ACPI: XSDT 0x000000003FEEA65B 00005C (v01 INTEL  440BX    06040000 VMW  01324272)
Jan 17 10:08:07 ubuntu kernel: [    0.000000] ACPI: FACP 0x000000003FEFEE73 0000F4 (v04 INTEL  440BX    06040000 PTL  000F4240)
Jan 17 10:08:07 ubuntu kernel: [    0.000000] ACPI: DSDT 0x000000003FEEBB42 013331 (v01 PTLTD  Custom   06040000 MSFT 03000001)
Jan 17 10:08:07 ubuntu kernel: [    0.000000] ACPI: FACS 0x000000003FEFFFC0 000040
Jan 17 10:08:07 ubuntu kernel: [    0.000000] ACPI: FACS 0x000000003FEFFFC0 000040
Jan 17 10:08:07 ubuntu kernel: [    0.000000] ACPI: BOOT 0x000000003FEEBB1A 000028 (v01 PTLTD  $SBFTBL$ 06040000  LTP 00000001)
Jan 17 10:08:07 ubuntu kernel: [    0.000000] ACPI: APIC 0x000000003FEEB3D8 000742 (v01 PTLTD  ? APIC   06040000  LTP 00000000)
Jan 17 10:08:07 ubuntu kernel: [    0.000000] ACPI: MCFG 0x000000003FEEB39C 00003C (v01 PTLTD  $PCITBL$ 06040000  LTP 00000001)
Jan 17 10:08:07 ubuntu kernel: [    0.000000] ACPI: SRAT 0x000000003FEEA757 0008A8 (v02 VMWARE MEMPLUG  06040000 VMW  00000001)
Jan 17 10:08:07 ubuntu kernel: [    0.000000] ACPI: HPET 0x000000003FEEA71F 000038 (v01 VMWARE VMW HPET 06040000 VMW  00000001)
Jan 17 10:08:07 ubuntu kernel: [    0.000000] ACPI: WAET 0x000000003FEEA6F7 000028 (v01 VMWARE VMW WAET 06040000 VMW  00000001)
Jan 17 10:08:07 ubuntu kernel: [    0.000000] ACPI: Local APIC address 0xfee00000
Jan 17 10:08:07 ubuntu kernel: [    0.000000] system APIC only can use physical flat
Jan 17 10:08:07 ubuntu kernel: [    0.000000] Setting APIC routing to physical flat.
Jan 17 10:08:07 ubuntu kernel: [    0.000000] SRAT: PXM 0 -> APIC 0x00 -> Node 0
Jan 17 10:08:07 ubuntu kernel: [    0.000000] SRAT: PXM 0 -> APIC 0x02 -> Node 0
Jan 17 10:08:07 ubuntu kernel: [    0.000000] SRAT: PXM 0 -> APIC 0x04 -> Node 0
Jan 17 10:08:07 ubuntu kernel: [    0.000000] SRAT: PXM 0 -> APIC 0x06 -> Node 0
Jan 17 10:08:07 ubuntu kernel: [    0.000000] SRAT: PXM 0 -> APIC 0x08 -> Node 0
Jan 17 10:08:07 ubuntu kernel: [    0.000000] SRAT: PXM 0 -> APIC 0x0a -> Node 0
Jan 17 10:08:07 ubuntu kernel: [    0.000000] SRAT: PXM 0 -> APIC 0x0c -> Node 0
Jan 17 10:08:07 ubuntu kernel: [    0.000000] SRAT: PXM 0 -> APIC 0x0e -> Node 0
Jan 17 10:08:07 ubuntu kernel: [    0.000000] SRAT: PXM 0 -> APIC 0x10 -> Node 0
Jan 17 10:08:07 ubuntu kernel: [    0.000000] SRAT: PXM 0 -> APIC 0x12 -> Node 0
Jan 17 10:08:07 ubuntu kernel: [    0.000000] SRAT: PXM 0 -> APIC 0x14 -> Node 0
Jan 17 10:08:07 ubuntu kernel: [    0.000000] SRAT: PXM 0 -> APIC 0x16 -> Node 0
Jan 17 10:08:07 ubuntu kernel: [    0.000000] SRAT: PXM 0 -> APIC 0x18 -> Node 0
Jan 17 10:08:07 ubuntu kernel: [    0.000000] SRAT: PXM 0 -> APIC 0x1a -> Node 0
Jan 17 10:08:07 ubuntu kernel: [    0.000000] SRAT: PXM 0 -> APIC 0x1c -> Node 0
Jan 17 10:08:07 ubuntu kernel: [    0.000000] SRAT: PXM 0 -> APIC 0x1e -> Node 0
Jan 17 10:08:07 ubuntu kernel: [    0.000000] SRAT: PXM 0 -> APIC 0x20 -> Node 0
Jan 17 10:08:07 ubuntu kernel: [    0.000000] SRAT: PXM 0 -> APIC 0x22 -> Node 0
Jan 17 10:08:07 ubuntu kernel: [    0.000000] SRAT: PXM 0 -> APIC 0x24 -> Node 0
Jan 17 10:08:07 ubuntu kernel: [    0.000000] SRAT: PXM 0 -> APIC 0x26 -> Node 0
Jan 17 10:08:07 ubuntu kernel: [    0.000000] SRAT: PXM 0 -> APIC 0x28 -> Node 0
Jan 17 10:08:07 ubuntu kernel: [    0.000000] SRAT: PXM 0 -> APIC 0x2a -> Node 0
Jan 17 10:08:07 ubuntu kernel: [    0.000000] SRAT: PXM 0 -> APIC 0x2c -> Node 0
Jan 17 10:08:07 ubuntu kernel: [    0.000000] SRAT: PXM 0 -> APIC 0x2e -> Node 0
Jan 17 10:08:07 ubuntu kernel: [    0.000000] SRAT: PXM 0 -> APIC 0x30 -> Node 0
Jan 17 10:08:07 ubuntu kernel: [    0.000000] SRAT: PXM 0 -> APIC 0x32 -> Node 0
Jan 17 10:08:07 ubuntu kernel: [    0.000000] SRAT: PXM 0 -> APIC 0x34 -> Node 0
Jan 17 10:08:07 ubuntu kernel: [    0.000000] SRAT: PXM 0 -> APIC 0x36 -> Node 0
Jan 17 10:08:07 ubuntu kernel: [    0.000000] SRAT: PXM 0 -> APIC 0x38 -> Node 0
Jan 17 10:08:07 ubuntu kernel: [    0.000000] SRAT: PXM 0 -> APIC 0x3a -> Node 0
Jan 17 10:08:07 ubuntu kernel: [    0.000000] SRAT: PXM 0 -> APIC 0x3c -> Node 0
Jan 17 10:08:07 ubuntu kernel: [    0.000000] SRAT: PXM 0 -> APIC 0x3e -> Node 0
Jan 17 10:08:07 ubuntu kernel: [    0.000000] SRAT: PXM 0 -> APIC 0x40 -> Node 0
Jan 17 10:08:07 ubuntu kernel: [    0.000000] SRAT: PXM 0 -> APIC 0x42 -> Node 0
Jan 17 10:08:07 ubuntu kernel: [    0.000000] SRAT: PXM 0 -> APIC 0x44 -> Node 0
Jan 17 10:08:07 ubuntu kernel: [    0.000000] SRAT: PXM 0 -> APIC 0x46 -> Node 0
Jan 17 10:08:07 ubuntu kernel: [    0.000000] SRAT: PXM 0 -> APIC 0x48 -> Node 0
Jan 17 10:08:07 ubuntu kernel: [    0.000000] SRAT: PXM 0 -> APIC 0x4a -> Node 0
Jan 17 10:08:07 ubuntu kernel: [    0.000000] SRAT: PXM 0 -> APIC 0x4c -> Node 0
Jan 17 10:08:07 ubuntu kernel: [    0.000000] SRAT: PXM 0 -> APIC 0x4e -> Node 0
Jan 17 10:08:07 ubuntu kernel: [    0.000000] SRAT: PXM 0 -> APIC 0x50 -> Node 0
Jan 17 10:08:07 ubuntu kernel: [    0.000000] SRAT: PXM 0 -> APIC 0x52 -> Node 0
Jan 17 10:08:07 ubuntu kernel: [    0.000000] SRAT: PXM 0 -> APIC 0x54 -> Node 0
Jan 17 10:08:07 ubuntu kernel: [    0.000000] SRAT: PXM 0 -> APIC 0x56 -> Node 0
Jan 17 10:08:07 ubuntu kernel: [    0.000000] SRAT: PXM 0 -> APIC 0x58 -> Node 0
Jan 17 10:08:07 ubuntu kernel: [    0.000000] SRAT: PXM 0 -> APIC 0x5a -> Node 0
Jan 17 10:08:07 ubuntu kernel: [    0.000000] SRAT: PXM 0 -> APIC 0x5c -> Node 0
Jan 17 10:08:07 ubuntu kernel: [    0.000000] SRAT: PXM 0 -> APIC 0x5e -> Node 0
Jan 17 10:08:07 ubuntu kernel: [    0.000000] SRAT: PXM 0 -> APIC 0x60 -> Node 0
Jan 17 10:08:07 ubuntu kernel: [    0.000000] SRAT: PXM 0 -> APIC 0x62 -> Node 0
Jan 17 10:08:07 ubuntu kernel: [    0.000000] SRAT: PXM 0 -> APIC 0x64 -> Node 0
Jan 17 10:08:07 ubuntu kernel: [    0.000000] SRAT: PXM 0 -> APIC 0x66 -> Node 0
Jan 17 10:08:07 ubuntu kernel: [    0.000000] SRAT: PXM 0 -> APIC 0x68 -> Node 0
Jan 17 10:08:07 ubuntu kernel: [    0.000000] SRAT: PXM 0 -> APIC 0x6a -> Node 0
Jan 17 10:08:07 ubuntu kernel: [    0.000000] SRAT: PXM 0 -> APIC 0x6c -> Node 0
Jan 17 10:08:07 ubuntu kernel: [    0.000000] SRAT: PXM 0 -> APIC 0x6e -> Node 0
Jan 17 10:08:07 ubuntu kernel: [    0.000000] SRAT: PXM 0 -> APIC 0x70 -> Node 0
Jan 17 10:08:07 ubuntu kernel: [    0.000000] SRAT: PXM 0 -> APIC 0x72 -> Node 0
Jan 17 10:08:07 ubuntu kernel: [    0.000000] SRAT: PXM 0 -> APIC 0x74 -> Node 0
Jan 17 10:08:07 ubuntu kernel: [    0.000000] SRAT: PXM 0 -> APIC 0x76 -> Node 0
Jan 17 10:08:07 ubuntu kernel: [    0.000000] SRAT: PXM 0 -> APIC 0x78 -> Node 0
Jan 17 10:08:07 ubuntu kernel: [    0.000000] SRAT: PXM 0 -> APIC 0x7a -> Node 0
Jan 17 10:08:07 ubuntu kernel: [    0.000000] SRAT: PXM 0 -> APIC 0x7c -> Node 0
Jan 17 10:08:07 ubuntu kernel: [    0.000000] SRAT: PXM 0 -> APIC 0x7e -> Node 0
Jan 17 10:08:07 ubuntu kernel: [    0.000000] SRAT: PXM 0 -> APIC 0x80 -> Node 0
Jan 17 10:08:07 ubuntu kernel: [    0.000000] SRAT: PXM 0 -> APIC 0x82 -> Node 0
Jan 17 10:08:07 ubuntu kernel: [    0.000000] SRAT: PXM 0 -> APIC 0x84 -> Node 0
Jan 17 10:08:07 ubuntu kernel: [    0.000000] SRAT: PXM 0 -> APIC 0x86 -> Node 0
Jan 17 10:08:07 ubuntu kernel: [    0.000000] SRAT: PXM 0 -> APIC 0x88 -> Node 0
Jan 17 10:08:07 ubuntu kernel: [    0.000000] SRAT: PXM 0 -> APIC 0x8a -> Node 0
Jan 17 10:08:07 ubuntu kernel: [    0.000000] SRAT: PXM 0 -> APIC 0x8c -> Node 0
Jan 17 10:08:07 ubuntu kernel: [    0.000000] SRAT: PXM 0 -> APIC 0x8e -> Node 0
Jan 17 10:08:07 ubuntu kernel: [    0.000000] SRAT: PXM 0 -> APIC 0x90 -> Node 0
Jan 17 10:08:07 ubuntu kernel: [    0.000000] SRAT: PXM 0 -> APIC 0x92 -> Node 0
Jan 17 10:08:07 ubuntu kernel: [    0.000000] SRAT: PXM 0 -> APIC 0x94 -> Node 0
Jan 17 10:08:07 ubuntu kernel: [    0.000000] SRAT: PXM 0 -> APIC 0x96 -> Node 0
Jan 17 10:08:07 ubuntu kernel: [    0.000000] SRAT: PXM 0 -> APIC 0x98 -> Node 0
Jan 17 10:08:07 ubuntu kernel: [    0.000000] SRAT: PXM 0 -> APIC 0x9a -> Node 0
Jan 17 10:08:07 ubuntu kernel: [    0.000000] SRAT: PXM 0 -> APIC 0x9c -> Node 0
Jan 17 10:08:07 ubuntu kernel: [    0.000000] SRAT: PXM 0 -> APIC 0x9e -> Node 0
Jan 17 10:08:07 ubuntu kernel: [    0.000000] SRAT: PXM 0 -> APIC 0xa0 -> Node 0
Jan 17 10:08:07 ubuntu kernel: [    0.000000] SRAT: PXM 0 -> APIC 0xa2 -> Node 0
Jan 17 10:08:07 ubuntu kernel: [    0.000000] SRAT: PXM 0 -> APIC 0xa4 -> Node 0
Jan 17 10:08:07 ubuntu kernel: [    0.000000] SRAT: PXM 0 -> APIC 0xa6 -> Node 0
Jan 17 10:08:07 ubuntu kernel: [    0.000000] SRAT: PXM 0 -> APIC 0xa8 -> Node 0
Jan 17 10:08:07 ubuntu kernel: [    0.000000] SRAT: PXM 0 -> APIC 0xaa -> Node 0
Jan 17 10:08:07 ubuntu kernel: [    0.000000] SRAT: PXM 0 -> APIC 0xac -> Node 0
Jan 17 10:08:07 ubuntu kernel: [    0.000000] SRAT: PXM 0 -> APIC 0xae -> Node 0
Jan 17 10:08:07 ubuntu kernel: [    0.000000] SRAT: PXM 0 -> APIC 0xb0 -> Node 0
Jan 17 10:08:07 ubuntu kernel: [    0.000000] SRAT: PXM 0 -> APIC 0xb2 -> Node 0
Jan 17 10:08:07 ubuntu kernel: [    0.000000] SRAT: PXM 0 -> APIC 0xb4 -> Node 0
Jan 17 10:08:07 ubuntu kernel: [    0.000000] SRAT: PXM 0 -> APIC 0xb6 -> Node 0
Jan 17 10:08:07 ubuntu kernel: [    0.000000] SRAT: PXM 0 -> APIC 0xb8 -> Node 0
Jan 17 10:08:07 ubuntu kernel: [    0.000000] SRAT: PXM 0 -> APIC 0xba -> Node 0
Jan 17 10:08:07 ubuntu kernel: [    0.000000] SRAT: PXM 0 -> APIC 0xbc -> Node 0
Jan 17 10:08:07 ubuntu kernel: [    0.000000] SRAT: PXM 0 -> APIC 0xbe -> Node 0
Jan 17 10:08:07 ubuntu kernel: [    0.000000] SRAT: PXM 0 -> APIC 0xc0 -> Node 0
Jan 17 10:08:07 ubuntu kernel: [    0.000000] SRAT: PXM 0 -> APIC 0xc2 -> Node 0
Jan 17 10:08:07 ubuntu kernel: [    0.000000] SRAT: PXM 0 -> APIC 0xc4 -> Node 0
Jan 17 10:08:07 ubuntu kernel: [    0.000000] SRAT: PXM 0 -> APIC 0xc6 -> Node 0
Jan 17 10:08:07 ubuntu kernel: [    0.000000] SRAT: PXM 0 -> APIC 0xc8 -> Node 0
Jan 17 10:08:07 ubuntu kernel: [    0.000000] SRAT: PXM 0 -> APIC 0xca -> Node 0
Jan 17 10:08:07 ubuntu kernel: [    0.000000] SRAT: PXM 0 -> APIC 0xcc -> Node 0
Jan 17 10:08:07 ubuntu kernel: [    0.000000] SRAT: PXM 0 -> APIC 0xce -> Node 0
Jan 17 10:08:07 ubuntu kernel: [    0.000000] SRAT: PXM 0 -> APIC 0xd0 -> Node 0
Jan 17 10:08:07 ubuntu kernel: [    0.000000] SRAT: PXM 0 -> APIC 0xd2 -> Node 0
Jan 17 10:08:07 ubuntu kernel: [    0.000000] SRAT: PXM 0 -> APIC 0xd4 -> Node 0
Jan 17 10:08:07 ubuntu kernel: [    0.000000] SRAT: PXM 0 -> APIC 0xd6 -> Node 0
Jan 17 10:08:07 ubuntu kernel: [    0.000000] SRAT: PXM 0 -> APIC 0xd8 -> Node 0
Jan 17 10:08:07 ubuntu kernel: [    0.000000] SRAT: PXM 0 -> APIC 0xda -> Node 0
Jan 17 10:08:07 ubuntu kernel: [    0.000000] SRAT: PXM 0 -> APIC 0xdc -> Node 0
Jan 17 10:08:07 ubuntu kernel: [    0.000000] SRAT: PXM 0 -> APIC 0xde -> Node 0
Jan 17 10:08:07 ubuntu kernel: [    0.000000] SRAT: PXM 0 -> APIC 0xe0 -> Node 0
Jan 17 10:08:07 ubuntu kernel: [    0.000000] SRAT: PXM 0 -> APIC 0xe2 -> Node 0
Jan 17 10:08:07 ubuntu kernel: [    0.000000] SRAT: PXM 0 -> APIC 0xe4 -> Node 0
Jan 17 10:08:07 ubuntu kernel: [    0.000000] SRAT: PXM 0 -> APIC 0xe6 -> Node 0
Jan 17 10:08:07 ubuntu kernel: [    0.000000] SRAT: PXM 0 -> APIC 0xe8 -> Node 0
Jan 17 10:08:07 ubuntu kernel: [    0.000000] SRAT: PXM 0 -> APIC 0xea -> Node 0
Jan 17 10:08:07 ubuntu kernel: [    0.000000] SRAT: PXM 0 -> APIC 0xec -> Node 0
Jan 17 10:08:07 ubuntu kernel: [    0.000000] SRAT: PXM 0 -> APIC 0xee -> Node 0
Jan 17 10:08:07 ubuntu kernel: [    0.000000] SRAT: PXM 0 -> APIC 0xf0 -> Node 0
Jan 17 10:08:07 ubuntu kernel: [    0.000000] SRAT: PXM 0 -> APIC 0xf2 -> Node 0
Jan 17 10:08:07 ubuntu kernel: [    0.000000] SRAT: PXM 0 -> APIC 0xf4 -> Node 0
Jan 17 10:08:07 ubuntu kernel: [    0.000000] SRAT: PXM 0 -> APIC 0xf6 -> Node 0
Jan 17 10:08:07 ubuntu kernel: [    0.000000] SRAT: PXM 0 -> APIC 0xf8 -> Node 0
Jan 17 10:08:07 ubuntu kernel: [    0.000000] SRAT: PXM 0 -> APIC 0xfa -> Node 0
Jan 17 10:08:07 ubuntu kernel: [    0.000000] SRAT: PXM 0 -> APIC 0xfc -> Node 0
Jan 17 10:08:07 ubuntu kernel: [    0.000000] SRAT: PXM 0 -> APIC 0xfe -> Node 0
Jan 17 10:08:07 ubuntu kernel: [    0.000000] ACPI: SRAT: Node 0 PXM 0 [mem 0x00000000-0x0009ffff]
Jan 17 10:08:07 ubuntu kernel: [    0.000000] ACPI: SRAT: Node 0 PXM 0 [mem 0x00100000-0x3fffffff]
Jan 17 10:08:07 ubuntu kernel: [    0.000000] ACPI: SRAT: Node 0 PXM 0 [mem 0x40000000-0xbfffffff] hotplug
Jan 17 10:08:07 ubuntu kernel: [    0.000000] NUMA: Node 0 [mem 0x00000000-0x0009ffff] + [mem 0x00100000-0x3fffffff] -> [mem 0x00000000-0x3fffffff]
Jan 17 10:08:07 ubuntu kernel: [    0.000000] NODE_DATA(0) allocated [mem 0x3ffd5000-0x3fffffff]
Jan 17 10:08:07 ubuntu kernel: [    0.000000] Zone ranges:
Jan 17 10:08:07 ubuntu kernel: [    0.000000]   DMA      [mem 0x0000000000001000-0x0000000000ffffff]
Jan 17 10:08:07 ubuntu kernel: [    0.000000]   DMA32    [mem 0x0000000001000000-0x000000003fffffff]
Jan 17 10:08:07 ubuntu kernel: [    0.000000]   Normal   empty
Jan 17 10:08:07 ubuntu kernel: [    0.000000]   Device   empty
Jan 17 10:08:07 ubuntu kernel: [    0.000000] Movable zone start for each node
Jan 17 10:08:07 ubuntu kernel: [    0.000000] Early memory node ranges
Jan 17 10:08:07 ubuntu kernel: [    0.000000]   node   0: [mem 0x0000000000001000-0x000000000009dfff]
Jan 17 10:08:07 ubuntu kernel: [    0.000000]   node   0: [mem 0x0000000000100000-0x000000003fedffff]
Jan 17 10:08:07 ubuntu kernel: [    0.000000]   node   0: [mem 0x000000003ff00000-0x000000003fffffff]
Jan 17 10:08:07 ubuntu kernel: [    0.000000] Initmem setup node 0 [mem 0x0000000000001000-0x000000003fffffff]
Jan 17 10:08:07 ubuntu kernel: [    0.000000] On node 0 totalpages: 262013
Jan 17 10:08:07 ubuntu kernel: [    0.000000]   DMA zone: 64 pages used for memmap
Jan 17 10:08:07 ubuntu kernel: [    0.000000]   DMA zone: 21 pages reserved
Jan 17 10:08:07 ubuntu kernel: [    0.000000]   DMA zone: 3997 pages, LIFO batch:0
Jan 17 10:08:07 ubuntu kernel: [    0.000000]   DMA32 zone: 4032 pages used for memmap
Jan 17 10:08:07 ubuntu kernel: [    0.000000]   DMA32 zone: 258016 pages, LIFO batch:31
Jan 17 10:08:07 ubuntu kernel: [    0.000000] Reserved but unavailable: 99 pages
Jan 17 10:08:07 ubuntu kernel: [    0.000000] ACPI: PM-Timer IO Port: 0x1008
Jan 17 10:08:07 ubuntu kernel: [    0.000000] ACPI: Local APIC address 0xfee00000
Jan 17 10:08:07 ubuntu kernel: [    0.000000] system APIC only can use physical flat
Jan 17 10:08:07 ubuntu kernel: [    0.000000] ACPI: LAPIC_NMI (acpi_id[0x00] high edge lint[0x1])
Jan 17 10:08:07 ubuntu kernel: [    0.000000] ACPI: LAPIC_NMI (acpi_id[0x01] high edge lint[0x1])
Jan 17 10:08:07 ubuntu kernel: [    0.000000] ACPI: LAPIC_NMI (acpi_id[0x02] high edge lint[0x1])
Jan 17 10:08:07 ubuntu kernel: [    0.000000] ACPI: LAPIC_NMI (acpi_id[0x03] high edge lint[0x1])
Jan 17 10:08:07 ubuntu kernel: [    0.000000] ACPI: LAPIC_NMI (acpi_id[0x04] high edge lint[0x1])
Jan 17 10:08:07 ubuntu kernel: [    0.000000] ACPI: LAPIC_NMI (acpi_id[0x05] high edge lint[0x1])
Jan 17 10:08:07 ubuntu kernel: [    0.000000] ACPI: LAPIC_NMI (acpi_id[0x06] high edge lint[0x1])
Jan 17 10:08:07 ubuntu kernel: [    0.000000] ACPI: LAPIC_NMI (acpi_id[0x07] high edge lint[0x1])
Jan 17 10:08:07 ubuntu kernel: [    0.000000] ACPI: LAPIC_NMI (acpi_id[0x08] high edge lint[0x1])
Jan 17 10:08:07 ubuntu kernel: [    0.000000] ACPI: LAPIC_NMI (acpi_id[0x09] high edge lint[0x1])
Jan 17 10:08:07 ubuntu kernel: [    0.000000] ACPI: LAPIC_NMI (acpi_id[0x0a] high edge lint[0x1])
Jan 17 10:08:07 ubuntu kernel: [    0.000000] ACPI: LAPIC_NMI (acpi_id[0x0b] high edge lint[0x1])
Jan 17 10:08:07 ubuntu kernel: [    0.000000] ACPI: LAPIC_NMI (acpi_id[0x0c] high edge lint[0x1])
Jan 17 10:08:07 ubuntu kernel: [    0.000000] ACPI: LAPIC_NMI (acpi_id[0x0d] high edge lint[0x1])
Jan 17 10:08:07 ubuntu kernel: [    0.000000] ACPI: LAPIC_NMI (acpi_id[0x0e] high edge lint[0x1])
Jan 17 10:08:07 ubuntu kernel: [    0.000000] ACPI: LAPIC_NMI (acpi_id[0x0f] high edge lint[0x1])
Jan 17 10:08:07 ubuntu kernel: [    0.000000] ACPI: LAPIC_NMI (acpi_id[0x10] high edge lint[0x1])
Jan 17 10:08:07 ubuntu kernel: [    0.000000] ACPI: LAPIC_NMI (acpi_id[0x11] high edge lint[0x1])
Jan 17 10:08:07 ubuntu kernel: [    0.000000] ACPI: LAPIC_NMI (acpi_id[0x12] high edge lint[0x1])
Jan 17 10:08:07 ubuntu kernel: [    0.000000] ACPI: LAPIC_NMI (acpi_id[0x13] high edge lint[0x1])
Jan 17 10:08:07 ubuntu kernel: [    0.000000] ACPI: LAPIC_NMI (acpi_id[0x14] high edge lint[0x1])
Jan 17 10:08:07 ubuntu kernel: [    0.000000] ACPI: LAPIC_NMI (acpi_id[0x15] high edge lint[0x1])
Jan 17 10:08:07 ubuntu kernel: [    0.000000] ACPI: LAPIC_NMI (acpi_id[0x16] high edge lint[0x1])
Jan 17 10:08:07 ubuntu kernel: [    0.000000] ACPI: LAPIC_NMI (acpi_id[0x17] high edge lint[0x1])
Jan 17 10:08:07 ubuntu kernel: [    0.000000] ACPI: LAPIC_NMI (acpi_id[0x18] high edge lint[0x1])
Jan 17 10:08:07 ubuntu kernel: [    0.000000] ACPI: LAPIC_NMI (acpi_id[0x19] high edge lint[0x1])
Jan 17 10:08:07 ubuntu kernel: [    0.000000] ACPI: LAPIC_NMI (acpi_id[0x1a] high edge lint[0x1])
Jan 17 10:08:07 ubuntu kernel: [    0.000000] ACPI: LAPIC_NMI (acpi_id[0x1b] high edge lint[0x1])
Jan 17 10:08:07 ubuntu kernel: [    0.000000] ACPI: LAPIC_NMI (acpi_id[0x1c] high edge lint[0x1])
Jan 17 10:08:07 ubuntu kernel: [    0.000000] ACPI: LAPIC_NMI (acpi_id[0x1d] high edge lint[0x1])
Jan 17 10:08:07 ubuntu kernel: [    0.000000] ACPI: LAPIC_NMI (acpi_id[0x1e] high edge lint[0x1])
Jan 17 10:08:07 ubuntu kernel: [    0.000000] ACPI: LAPIC_NMI (acpi_id[0x1f] high edge lint[0x1])
Jan 17 10:08:07 ubuntu kernel: [    0.000000] ACPI: LAPIC_NMI (acpi_id[0x20] high edge lint[0x1])
Jan 17 10:08:07 ubuntu kernel: [    0.000000] ACPI: LAPIC_NMI (acpi_id[0x21] high edge lint[0x1])
Jan 17 10:08:07 ubuntu kernel: [    0.000000] ACPI: LAPIC_NMI (acpi_id[0x22] high edge lint[0x1])
Jan 17 10:08:07 ubuntu kernel: [    0.000000] ACPI: LAPIC_NMI (acpi_id[0x23] high edge lint[0x1])
Jan 17 10:08:07 ubuntu kernel: [    0.000000] ACPI: LAPIC_NMI (acpi_id[0x24] high edge lint[0x1])
Jan 17 10:08:07 ubuntu kernel: [    0.000000] ACPI: LAPIC_NMI (acpi_id[0x25] high edge lint[0x1])
Jan 17 10:08:07 ubuntu kernel: [    0.000000] ACPI: LAPIC_NMI (acpi_id[0x26] high edge lint[0x1])
Jan 17 10:08:07 ubuntu kernel: [    0.000000] ACPI: LAPIC_NMI (acpi_id[0x27] high edge lint[0x1])
Jan 17 10:08:07 ubuntu kernel: [    0.000000] ACPI: LAPIC_NMI (acpi_id[0x28] high edge lint[0x1])
Jan 17 10:08:07 ubuntu kernel: [    0.000000] ACPI: LAPIC_NMI (acpi_id[0x29] high edge lint[0x1])
Jan 17 10:08:07 ubuntu kernel: [    0.000000] ACPI: LAPIC_NMI (acpi_id[0x2a] high edge lint[0x1])
Jan 17 10:08:07 ubuntu kernel: [    0.000000] ACPI: LAPIC_NMI (acpi_id[0x2b] high edge lint[0x1])
Jan 17 10:08:07 ubuntu kernel: [    0.000000] ACPI: LAPIC_NMI (acpi_id[0x2c] high edge lint[0x1])
Jan 17 10:08:07 ubuntu kernel: [    0.000000] ACPI: LAPIC_NMI (acpi_id[0x2d] high edge lint[0x1])
Jan 17 10:08:07 ubuntu kernel: [    0.000000] ACPI: LAPIC_NMI (acpi_id[0x2e] high edge lint[0x1])
Jan 17 10:08:07 ubuntu kernel: [    0.000000] ACPI: LAPIC_NMI (acpi_id[0x2f] high edge lint[0x1])
Jan 17 10:08:07 ubuntu kernel: [    0.000000] ACPI: LAPIC_NMI (acpi_id[0x30] high edge lint[0x1])
Jan 17 10:08:07 ubuntu kernel: [    0.000000] ACPI: LAPIC_NMI (acpi_id[0x31] high edge lint[0x1])
Jan 17 10:08:07 ubuntu kernel: [    0.000000] ACPI: LAPIC_NMI (acpi_id[0x32] high edge lint[0x1])
Jan 17 10:08:07 ubuntu kernel: [    0.000000] ACPI: LAPIC_NMI (acpi_id[0x33] high edge lint[0x1])
Jan 17 10:08:07 ubuntu kernel: [    0.000000] ACPI: LAPIC_NMI (acpi_id[0x34] high edge lint[0x1])
Jan 17 10:08:07 ubuntu kernel: [    0.000000] ACPI: LAPIC_NMI (acpi_id[0x35] high edge lint[0x1])
Jan 17 10:08:07 ubuntu kernel: [    0.000000] ACPI: LAPIC_NMI (acpi_id[0x36] high edge lint[0x1])
Jan 17 10:08:07 ubuntu kernel: [    0.000000] ACPI: LAPIC_NMI (acpi_id[0x37] high edge lint[0x1])
Jan 17 10:08:07 ubuntu kernel: [    0.000000] ACPI: LAPIC_NMI (acpi_id[0x38] high edge lint[0x1])
Jan 17 10:08:07 ubuntu kernel: [    0.000000] ACPI: LAPIC_NMI (acpi_id[0x39] high edge lint[0x1])
Jan 17 10:08:07 ubuntu kernel: [    0.000000] ACPI: LAPIC_NMI (acpi_id[0x3a] high edge lint[0x1])
Jan 17 10:08:07 ubuntu kernel: [    0.000000] ACPI: LAPIC_NMI (acpi_id[0x3b] high edge lint[0x1])
Jan 17 10:08:07 ubuntu kernel: [    0.000000] ACPI: LAPIC_NMI (acpi_id[0x3c] high edge lint[0x1])
Jan 17 10:08:07 ubuntu kernel: [    0.000000] ACPI: LAPIC_NMI (acpi_id[0x3d] high edge lint[0x1])
Jan 17 10:08:07 ubuntu kernel: [    0.000000] ACPI: LAPIC_NMI (acpi_id[0x3e] high edge lint[0x1])
Jan 17 10:08:07 ubuntu kernel: [    0.000000] ACPI: LAPIC_NMI (acpi_id[0x3f] high edge lint[0x1])
Jan 17 10:08:07 ubuntu kernel: [    0.000000] ACPI: LAPIC_NMI (acpi_id[0x40] high edge lint[0x1])
Jan 17 10:08:07 ubuntu kernel: [    0.000000] ACPI: LAPIC_NMI (acpi_id[0x41] high edge lint[0x1])
Jan 17 10:08:07 ubuntu kernel: [    0.000000] ACPI: LAPIC_NMI (acpi_id[0x42] high edge lint[0x1])
Jan 17 10:08:07 ubuntu kernel: [    0.000000] ACPI: LAPIC_NMI (acpi_id[0x43] high edge lint[0x1])
Jan 17 10:08:07 ubuntu kernel: [    0.000000] ACPI: LAPIC_NMI (acpi_id[0x44] high edge lint[0x1])
Jan 17 10:08:07 ubuntu kernel: [    0.000000] ACPI: LAPIC_NMI (acpi_id[0x45] high edge lint[0x1])
Jan 17 10:08:07 ubuntu kernel: [    0.000000] ACPI: LAPIC_NMI (acpi_id[0x46] high edge lint[0x1])
Jan 17 10:08:07 ubuntu kernel: [    0.000000] ACPI: LAPIC_NMI (acpi_id[0x47] high edge lint[0x1])
Jan 17 10:08:07 ubuntu kernel: [    0.000000] ACPI: LAPIC_NMI (acpi_id[0x48] high edge lint[0x1])
Jan 17 10:08:07 ubuntu kernel: [    0.000000] ACPI: LAPIC_NMI (acpi_id[0x49] high edge lint[0x1])
Jan 17 10:08:07 ubuntu kernel: [    0.000000] ACPI: LAPIC_NMI (acpi_id[0x4a] high edge lint[0x1])
Jan 17 10:08:07 ubuntu kernel: [    0.000000] ACPI: LAPIC_NMI (acpi_id[0x4b] high edge lint[0x1])
Jan 17 10:08:07 ubuntu kernel: [    0.000000] ACPI: LAPIC_NMI (acpi_id[0x4c] high edge lint[0x1])
Jan 17 10:08:07 ubuntu kernel: [    0.000000] ACPI: LAPIC_NMI (acpi_id[0x4d] high edge lint[0x1])
Jan 17 10:08:07 ubuntu kernel: [    0.000000] ACPI: LAPIC_NMI (acpi_id[0x4e] high edge lint[0x1])
Jan 17 10:08:07 ubuntu kernel: [    0.000000] ACPI: LAPIC_NMI (acpi_id[0x4f] high edge lint[0x1])
Jan 17 10:08:07 ubuntu kernel: [    0.000000] ACPI: LAPIC_NMI (acpi_id[0x50] high edge lint[0x1])
Jan 17 10:08:07 ubuntu kernel: [    0.000000] ACPI: LAPIC_NMI (acpi_id[0x51] high edge lint[0x1])
Jan 17 10:08:07 ubuntu kernel: [    0.000000] ACPI: LAPIC_NMI (acpi_id[0x52] high edge lint[0x1])
Jan 17 10:08:07 ubuntu kernel: [    0.000000] ACPI: LAPIC_NMI (acpi_id[0x53] high edge lint[0x1])
Jan 17 10:08:07 ubuntu kernel: [    0.000000] ACPI: LAPIC_NMI (acpi_id[0x54] high edge lint[0x1])
Jan 17 10:08:07 ubuntu kernel: [    0.000000] ACPI: LAPIC_NMI (acpi_id[0x55] high edge lint[0x1])
Jan 17 10:08:07 ubuntu kernel: [    0.000000] ACPI: LAPIC_NMI (acpi_id[0x56] high edge lint[0x1])
Jan 17 10:08:07 ubuntu kernel: [    0.000000] ACPI: LAPIC_NMI (acpi_id[0x57] high edge lint[0x1])
Jan 17 10:08:07 ubuntu kernel: [    0.000000] ACPI: LAPIC_NMI (acpi_id[0x58] high edge lint[0x1])
Jan 17 10:08:07 ubuntu kernel: [    0.000000] ACPI: LAPIC_NMI (acpi_id[0x59] high edge lint[0x1])
Jan 17 10:08:07 ubuntu kernel: [    0.000000] ACPI: LAPIC_NMI (acpi_id[0x5a] high edge lint[0x1])
Jan 17 10:08:07 ubuntu kernel: [    0.000000] ACPI: LAPIC_NMI (acpi_id[0x5b] high edge lint[0x1])
Jan 17 10:08:07 ubuntu kernel: [    0.000000] ACPI: LAPIC_NMI (acpi_id[0x5c] high edge lint[0x1])
Jan 17 10:08:07 ubuntu kernel: [    0.000000] ACPI: LAPIC_NMI (acpi_id[0x5d] high edge lint[0x1])
Jan 17 10:08:07 ubuntu kernel: [    0.000000] ACPI: LAPIC_NMI (acpi_id[0x5e] high edge lint[0x1])
Jan 17 10:08:07 ubuntu kernel: [    0.000000] ACPI: LAPIC_NMI (acpi_id[0x5f] high edge lint[0x1])
Jan 17 10:08:07 ubuntu kernel: [    0.000000] ACPI: LAPIC_NMI (acpi_id[0x60] high edge lint[0x1])
Jan 17 10:08:07 ubuntu kernel: [    0.000000] ACPI: LAPIC_NMI (acpi_id[0x61] high edge lint[0x1])
Jan 17 10:08:07 ubuntu kernel: [    0.000000] ACPI: LAPIC_NMI (acpi_id[0x62] high edge lint[0x1])
Jan 17 10:08:07 ubuntu kernel: [    0.000000] ACPI: LAPIC_NMI (acpi_id[0x63] high edge lint[0x1])
Jan 17 10:08:07 ubuntu kernel: [    0.000000] ACPI: LAPIC_NMI (acpi_id[0x64] high edge lint[0x1])
Jan 17 10:08:07 ubuntu kernel: [    0.000000] ACPI: LAPIC_NMI (acpi_id[0x65] high edge lint[0x1])
Jan 17 10:08:07 ubuntu kernel: [    0.000000] ACPI: LAPIC_NMI (acpi_id[0x66] high edge lint[0x1])
Jan 17 10:08:07 ubuntu kernel: [    0.000000] ACPI: LAPIC_NMI (acpi_id[0x67] high edge lint[0x1])
Jan 17 10:08:07 ubuntu kernel: [    0.000000] ACPI: LAPIC_NMI (acpi_id[0x68] high edge lint[0x1])
Jan 17 10:08:07 ubuntu kernel: [    0.000000] ACPI: LAPIC_NMI (acpi_id[0x69] high edge lint[0x1])
Jan 17 10:08:07 ubuntu kernel: [    0.000000] ACPI: LAPIC_NMI (acpi_id[0x6a] high edge lint[0x1])
Jan 17 10:08:07 ubuntu kernel: [    0.000000] ACPI: LAPIC_NMI (acpi_id[0x6b] high edge lint[0x1])
Jan 17 10:08:07 ubuntu kernel: [    0.000000] ACPI: LAPIC_NMI (acpi_id[0x6c] high edge lint[0x1])
Jan 17 10:08:07 ubuntu kernel: [    0.000000] ACPI: LAPIC_NMI (acpi_id[0x6d] high edge lint[0x1])
Jan 17 10:08:07 ubuntu kernel: [    0.000000] ACPI: LAPIC_NMI (acpi_id[0x6e] high edge lint[0x1])
Jan 17 10:08:07 ubuntu kernel: [    0.000000] ACPI: LAPIC_NMI (acpi_id[0x6f] high edge lint[0x1])
Jan 17 10:08:07 ubuntu kernel: [    0.000000] ACPI: LAPIC_NMI (acpi_id[0x70] high edge lint[0x1])
Jan 17 10:08:07 ubuntu kernel: [    0.000000] ACPI: LAPIC_NMI (acpi_id[0x71] high edge lint[0x1])
Jan 17 10:08:07 ubuntu kernel: [    0.000000] ACPI: LAPIC_NMI (acpi_id[0x72] high edge lint[0x1])
Jan 17 10:08:07 ubuntu kernel: [    0.000000] ACPI: LAPIC_NMI (acpi_id[0x73] high edge lint[0x1])
Jan 17 10:08:07 ubuntu kernel: [    0.000000] ACPI: LAPIC_NMI (acpi_id[0x74] high edge lint[0x1])
Jan 17 10:08:07 ubuntu kernel: [    0.000000] ACPI: LAPIC_NMI (acpi_id[0x75] high edge lint[0x1])
Jan 17 10:08:07 ubuntu kernel: [    0.000000] ACPI: LAPIC_NMI (acpi_id[0x76] high edge lint[0x1])
Jan 17 10:08:07 ubuntu kernel: [    0.000000] ACPI: LAPIC_NMI (acpi_id[0x77] high edge lint[0x1])
Jan 17 10:08:07 ubuntu kernel: [    0.000000] ACPI: LAPIC_NMI (acpi_id[0x78] high edge lint[0x1])
Jan 17 10:08:07 ubuntu kernel: [    0.000000] ACPI: LAPIC_NMI (acpi_id[0x79] high edge lint[0x1])
Jan 17 10:08:07 ubuntu kernel: [    0.000000] ACPI: LAPIC_NMI (acpi_id[0x7a] high edge lint[0x1])
Jan 17 10:08:07 ubuntu kernel: [    0.000000] ACPI: LAPIC_NMI (acpi_id[0x7b] high edge lint[0x1])
Jan 17 10:08:07 ubuntu kernel: [    0.000000] ACPI: LAPIC_NMI (acpi_id[0x7c] high edge lint[0x1])
Jan 17 10:08:07 ubuntu kernel: [    0.000000] ACPI: LAPIC_NMI (acpi_id[0x7d] high edge lint[0x1])
Jan 17 10:08:07 ubuntu kernel: [    0.000000] ACPI: LAPIC_NMI (acpi_id[0x7e] high edge lint[0x1])
Jan 17 10:08:07 ubuntu kernel: [    0.000000] ACPI: LAPIC_NMI (acpi_id[0x7f] high edge lint[0x1])
Jan 17 10:08:07 ubuntu kernel: [    0.000000] IOAPIC[0]: apic_id 1, version 32, address 0xfec00000, GSI 0-23
Jan 17 10:08:07 ubuntu kernel: [    0.000000] ACPI: INT_SRC_OVR (bus 0 bus_irq 0 global_irq 2 high edge)
Jan 17 10:08:07 ubuntu kernel: [    0.000000] ACPI: IRQ0 used by override.
Jan 17 10:08:07 ubuntu kernel: [    0.000000] ACPI: IRQ9 used by override.
Jan 17 10:08:07 ubuntu kernel: [    0.000000] Using ACPI (MADT) for SMP configuration information
Jan 17 10:08:07 ubuntu kernel: [    0.000000] ACPI: HPET id: 0x8086af01 base: 0xfed00000
Jan 17 10:08:07 ubuntu kernel: [    0.000000] smpboot: Allowing 128 CPUs, 127 hotplug CPUs
Jan 17 10:08:07 ubuntu kernel: [    0.000000] PM: Registered nosave memory: [mem 0x00000000-0x00000fff]
Jan 17 10:08:07 ubuntu kernel: [    0.000000] PM: Registered nosave memory: [mem 0x0009e000-0x0009efff]
Jan 17 10:08:07 ubuntu kernel: [    0.000000] PM: Registered nosave memory: [mem 0x0009f000-0x0009ffff]
Jan 17 10:08:07 ubuntu kernel: [    0.000000] PM: Registered nosave memory: [mem 0x000a0000-0x000dbfff]
Jan 17 10:08:07 ubuntu kernel: [    0.000000] PM: Registered nosave memory: [mem 0x000dc000-0x000fffff]
Jan 17 10:08:07 ubuntu kernel: [    0.000000] PM: Registered nosave memory: [mem 0x3fee0000-0x3fefefff]
Jan 17 10:08:07 ubuntu kernel: [    0.000000] PM: Registered nosave memory: [mem 0x3feff000-0x3fefffff]
Jan 17 10:08:07 ubuntu kernel: [    0.000000] e820: [mem 0x40000000-0xefffffff] available for PCI devices
Jan 17 10:08:07 ubuntu kernel: [    0.000000] Booting paravirtualized kernel on VMware hypervisor
Jan 17 10:08:07 ubuntu kernel: [    0.000000] clocksource: refined-jiffies: mask: 0xffffffff max_cycles: 0xffffffff, max_idle_ns: 7645519600211568 ns
Jan 17 10:08:07 ubuntu kernel: [    0.000000] random: get_random_bytes called from start_kernel+0x99/0x51b with crng_init=0
Jan 17 10:08:07 ubuntu kernel: [    0.000000] setup_percpu: NR_CPUS:8192 nr_cpumask_bits:128 nr_cpu_ids:128 nr_node_ids:1
Jan 17 10:08:07 ubuntu kernel: [    0.000000] percpu: Embedded 46 pages/cpu @        (ptrval) s151552 r8192 d28672 u262144
Jan 17 10:08:07 ubuntu kernel: [    0.000000] pcpu-alloc: s151552 r8192 d28672 u262144 alloc=1*2097152
Jan 17 10:08:07 ubuntu kernel: [    0.000000] pcpu-alloc: [0] 000 001 002 003 004 005 006 007 
Jan 17 10:08:07 ubuntu kernel: [    0.000000] pcpu-alloc: [0] 008 009 010 011 012 013 014 015 
Jan 17 10:08:07 ubuntu kernel: [    0.000000] pcpu-alloc: [0] 016 017 018 019 020 021 022 023 
Jan 17 10:08:07 ubuntu kernel: [    0.000000] pcpu-alloc: [0] 024 025 026 027 028 029 030 031 
Jan 17 10:08:07 ubuntu kernel: [    0.000000] pcpu-alloc: [0] 032 033 034 035 036 037 038 039 
Jan 17 10:08:07 ubuntu kernel: [    0.000000] pcpu-alloc: [0] 040 041 042 043 044 045 046 047 
Jan 17 10:08:07 ubuntu kernel: [    0.000000] pcpu-alloc: [0] 048 049 050 051 052 053 054 055 
Jan 17 10:08:07 ubuntu kernel: [    0.000000] pcpu-alloc: [0] 056 057 058 059 060 061 062 063 
Jan 17 10:08:07 ubuntu kernel: [    0.000000] pcpu-alloc: [0] 064 065 066 067 068 069 070 071 
Jan 17 10:08:07 ubuntu kernel: [    0.000000] pcpu-alloc: [0] 072 073 074 075 076 077 078 079 
Jan 17 10:08:07 ubuntu kernel: [    0.000000] pcpu-alloc: [0] 080 081 082 083 084 085 086 087 
Jan 17 10:08:07 ubuntu kernel: [    0.000000] pcpu-alloc: [0] 088 089 090 091 092 093 094 095 
Jan 17 10:08:07 ubuntu kernel: [    0.000000] pcpu-alloc: [0] 096 097 098 099 100 101 102 103 
Jan 17 10:08:07 ubuntu kernel: [    0.000000] pcpu-alloc: [0] 104 105 106 107 108 109 110 111 
Jan 17 10:08:07 ubuntu kernel: [    0.000000] pcpu-alloc: [0] 112 113 114 115 116 117 118 119 
Jan 17 10:08:07 ubuntu kernel: [    0.000000] pcpu-alloc: [0] 120 121 122 123 124 125 126 127 
Jan 17 10:08:07 ubuntu kernel: [    0.000000] Built 1 zonelists, mobility grouping on.  Total pages: 257896
Jan 17 10:08:07 ubuntu kernel: [    0.000000] Policy zone: DMA32
Jan 17 10:08:07 ubuntu kernel: [    0.000000] Kernel command line: initrd=initrd file=/cdrom/preseed/ubuntu.seed boot=casper quiet splash --- debian-installer/custom-installation=/custom find_preseed=/preseed.cfg auto preseed/file=/floppy/preseed.cfg automatic-ubiquity noprompt priority=critical locale=en_US console-setup/modelcode=evdev BOOT_IMAGE=vmlinuz 
Jan 17 10:08:07 ubuntu kernel: [    0.000000] log_buf_len individual max cpu contribution: 4096 bytes
Jan 17 10:08:07 ubuntu kernel: [    0.000000] log_buf_len total cpu_extra contributions: 520192 bytes
Jan 17 10:08:07 ubuntu kernel: [    0.000000] log_buf_len min size: 262144 bytes
Jan 17 10:08:07 ubuntu kernel: [    0.000000] log_buf_len: 1048576 bytes
Jan 17 10:08:07 ubuntu kernel: [    0.000000] early log buf free: 236132(90%)
Jan 17 10:08:07 ubuntu kernel: [    0.000000] Calgary: detecting Calgary via BIOS EBDA area
Jan 17 10:08:07 ubuntu kernel: [    0.000000] Calgary: Unable to locate Rio Grande table in EBDA - bailing!
Jan 17 10:08:07 ubuntu kernel: [    0.000000] Memory: 944604K/1048052K available (12300K kernel code, 2470K rwdata, 4252K rodata, 2400K init, 2416K bss, 103448K reserved, 0K cma-reserved)
Jan 17 10:08:07 ubuntu kernel: [    0.000000] SLUB: HWalign=64, Order=0-3, MinObjects=0, CPUs=128, Nodes=1
Jan 17 10:08:07 ubuntu kernel: [    0.000000] Kernel/User page tables isolation: enabled
Jan 17 10:08:07 ubuntu kernel: [    0.000000] ftrace: allocating 39098 entries in 153 pages
Jan 17 10:08:07 ubuntu kernel: [    0.004000] Hierarchical RCU implementation.
Jan 17 10:08:07 ubuntu kernel: [    0.004000] 	RCU restricting CPUs from NR_CPUS=8192 to nr_cpu_ids=128.
Jan 17 10:08:07 ubuntu kernel: [    0.004000] 	Tasks RCU enabled.
Jan 17 10:08:07 ubuntu kernel: [    0.004000] RCU: Adjusting geometry for rcu_fanout_leaf=16, nr_cpu_ids=128
Jan 17 10:08:07 ubuntu kernel: [    0.004000] NR_IRQS: 524544, nr_irqs: 1448, preallocated irqs: 16
Jan 17 10:08:07 ubuntu kernel: [    0.004000] Console: colour VGA+ 80x25
Jan 17 10:08:07 ubuntu kernel: [    0.004000] console [tty0] enabled
Jan 17 10:08:07 ubuntu kernel: [    0.004000] ACPI: Core revision 20170831
Jan 17 10:08:07 ubuntu kernel: [    0.004000] ACPI: 1 ACPI AML tables successfully acquired and loaded
Jan 17 10:08:07 ubuntu kernel: [    0.004000] clocksource: hpet: mask: 0xffffffff max_cycles: 0xffffffff, max_idle_ns: 133484882848 ns
Jan 17 10:08:07 ubuntu kernel: [    0.004000] hpet clockevent registered
Jan 17 10:08:07 ubuntu kernel: [    0.004007] APIC: Switch to symmetric I/O mode setup
Jan 17 10:08:07 ubuntu kernel: [    0.004097] x2apic enabled
Jan 17 10:08:07 ubuntu kernel: [    0.004156] Switched APIC routing to physical x2apic.
Jan 17 10:08:07 ubuntu kernel: [    0.004467] ..TIMER: vector=0x30 apic1=0 pin1=2 apic2=-1 pin2=-1
Jan 17 10:08:07 ubuntu kernel: [    0.004496] tsc: Detected 1992.001 MHz processor
Jan 17 10:08:07 ubuntu kernel: [    0.004497] Calibrating delay loop (skipped) preset value.. 3984.00 BogoMIPS (lpj=7968004)
Jan 17 10:08:07 ubuntu kernel: [    0.004497] pid_max: default: 131072 minimum: 1024
Jan 17 10:08:07 ubuntu kernel: [    0.004497] Security Framework initialized
Jan 17 10:08:07 ubuntu kernel: [    0.004497] Yama: becoming mindful.
Jan 17 10:08:07 ubuntu kernel: [    0.004497] AppArmor: AppArmor initialized
Jan 17 10:08:07 ubuntu kernel: [    0.009258] Dentry cache hash table entries: 131072 (order: 8, 1048576 bytes)
Jan 17 10:08:07 ubuntu kernel: [    0.012321] Inode-cache hash table entries: 65536 (order: 7, 524288 bytes)
Jan 17 10:08:07 ubuntu kernel: [    0.012524] Mount-cache hash table entries: 2048 (order: 2, 16384 bytes)
Jan 17 10:08:07 ubuntu kernel: [    0.012618] Mountpoint-cache hash table entries: 2048 (order: 2, 16384 bytes)
Jan 17 10:08:07 ubuntu kernel: [    0.013605] Disabled fast string operations
Jan 17 10:08:07 ubuntu kernel: [    0.013609] CPU: Physical Processor ID: 0
Jan 17 10:08:07 ubuntu kernel: [    0.013619] mce: CPU supports 8 MCE banks
Jan 17 10:08:07 ubuntu kernel: [    0.013683] Last level iTLB entries: 4KB 64, 2MB 8, 4MB 8
Jan 17 10:08:07 ubuntu kernel: [    0.013684] Last level dTLB entries: 4KB 64, 2MB 0, 4MB 0, 1GB 4
Jan 17 10:08:07 ubuntu kernel: [    0.013686] Spectre V2 : Mitigation: Full generic retpoline
Jan 17 10:08:07 ubuntu kernel: [    0.013686] Spectre V2 : Spectre v2 mitigation: Filling RSB on context switch
Jan 17 10:08:07 ubuntu kernel: [    0.013687] Spectre V2 : Spectre v2 mitigation: Enabling Indirect Branch Prediction Barrier
Jan 17 10:08:07 ubuntu kernel: [    0.013687] Spectre V2 : Enabling Restricted Speculation for firmware calls
Jan 17 10:08:07 ubuntu kernel: [    0.013688] Speculative Store Bypass: Mitigation: Speculative Store Bypass disabled via prctl and seccomp
Jan 17 10:08:07 ubuntu kernel: [    0.026707] TSC deadline timer enabled
Jan 17 10:08:07 ubuntu kernel: [    0.026732] smpboot: CPU0: Intel(R) Core(TM) i7-8550U CPU @ 1.80GHz (family: 0x6, model: 0x8e, stepping: 0xa)
Jan 17 10:08:07 ubuntu kernel: [    0.027185] Performance Events: Skylake events, core PMU driver.
Jan 17 10:08:07 ubuntu kernel: [    0.027213] core: CPUID marked event: 'cpu cycles' unavailable
Jan 17 10:08:07 ubuntu kernel: [    0.027213] core: CPUID marked event: 'instructions' unavailable
Jan 17 10:08:07 ubuntu kernel: [    0.027214] core: CPUID marked event: 'bus cycles' unavailable
Jan 17 10:08:07 ubuntu kernel: [    0.027214] core: CPUID marked event: 'cache references' unavailable
Jan 17 10:08:07 ubuntu kernel: [    0.027214] core: CPUID marked event: 'cache misses' unavailable
Jan 17 10:08:07 ubuntu kernel: [    0.027214] core: CPUID marked event: 'branch instructions' unavailable
Jan 17 10:08:07 ubuntu kernel: [    0.027215] core: CPUID marked event: 'branch misses' unavailable
Jan 17 10:08:07 ubuntu kernel: [    0.027216] ... version:                1
Jan 17 10:08:07 ubuntu kernel: [    0.027217] ... bit width:              48
Jan 17 10:08:07 ubuntu kernel: [    0.027217] ... generic registers:      4
Jan 17 10:08:07 ubuntu kernel: [    0.027217] ... value mask:             0000ffffffffffff
Jan 17 10:08:07 ubuntu kernel: [    0.027218] ... max period:             000000007fffffff
Jan 17 10:08:07 ubuntu kernel: [    0.027218] ... fixed-purpose events:   0
Jan 17 10:08:07 ubuntu kernel: [    0.027218] ... event mask:             000000000000000f
Jan 17 10:08:07 ubuntu kernel: [    0.027379] Hierarchical SRCU implementation.
Jan 17 10:08:07 ubuntu kernel: [    0.028000] NMI watchdog: Perf event create on CPU 0 failed with -2
Jan 17 10:08:07 ubuntu kernel: [    0.028000] NMI watchdog: Perf NMI watchdog permanently disabled
Jan 17 10:08:07 ubuntu kernel: [    0.038207] smp: Bringing up secondary CPUs ...
Jan 17 10:08:07 ubuntu kernel: [    0.038208] smp: Brought up 1 node, 1 CPU
Jan 17 10:08:07 ubuntu kernel: [    0.038209] smpboot: Max logical packages: 128
Jan 17 10:08:07 ubuntu kernel: [    0.038211] smpboot: Total of 1 processors activated (3984.00 BogoMIPS)
Jan 17 10:08:07 ubuntu kernel: [    0.039524] devtmpfs: initialized
Jan 17 10:08:07 ubuntu kernel: [    0.039602] x86/mm: Memory block size: 128MB
Jan 17 10:08:07 ubuntu kernel: [    0.040000] evm: security.selinux
Jan 17 10:08:07 ubuntu kernel: [    0.040000] evm: security.SMACK64
Jan 17 10:08:07 ubuntu kernel: [    0.040000] evm: security.SMACK64EXEC
Jan 17 10:08:07 ubuntu kernel: [    0.040000] evm: security.SMACK64TRANSMUTE
Jan 17 10:08:07 ubuntu kernel: [    0.040000] evm: security.SMACK64MMAP
Jan 17 10:08:07 ubuntu kernel: [    0.040000] evm: security.apparmor
Jan 17 10:08:07 ubuntu kernel: [    0.040000] evm: security.ima
Jan 17 10:08:07 ubuntu kernel: [    0.040000] evm: security.capability
Jan 17 10:08:07 ubuntu kernel: [    0.040218] PM: Registering ACPI NVS region [mem 0x3feff000-0x3fefffff] (4096 bytes)
Jan 17 10:08:07 ubuntu kernel: [    0.040430] clocksource: jiffies: mask: 0xffffffff max_cycles: 0xffffffff, max_idle_ns: 7645041785100000 ns
Jan 17 10:08:07 ubuntu kernel: [    0.040585] futex hash table entries: 32768 (order: 9, 2097152 bytes)
Jan 17 10:08:07 ubuntu kernel: [    0.050041] pinctrl core: initialized pinctrl subsystem
Jan 17 10:08:07 ubuntu kernel: [    0.050306] RTC time: 10:07:54, date: 01/17/19
Jan 17 10:08:07 ubuntu kernel: [    0.051059] NET: Registered protocol family 16
Jan 17 10:08:07 ubuntu kernel: [    0.051239] audit: initializing netlink subsys (disabled)
Jan 17 10:08:07 ubuntu kernel: [    0.051636] cpuidle: using governor ladder
Jan 17 10:08:07 ubuntu kernel: [    0.051637] cpuidle: using governor menu
Jan 17 10:08:07 ubuntu kernel: [    0.051721] Simple Boot Flag at 0x36 set to 0x80
Jan 17 10:08:07 ubuntu kernel: [    0.051749] ACPI: bus type PCI registered
Jan 17 10:08:07 ubuntu kernel: [    0.051750] acpiphp: ACPI Hot Plug PCI Controller Driver version: 0.5
Jan 17 10:08:07 ubuntu kernel: [    0.052548] PCI: MMCONFIG for domain 0000 [bus 00-7f] at [mem 0xf0000000-0xf7ffffff] (base 0xf0000000)
Jan 17 10:08:07 ubuntu kernel: [    0.052550] PCI: MMCONFIG at [mem 0xf0000000-0xf7ffffff] reserved in E820
Jan 17 10:08:07 ubuntu kernel: [    0.052557] PCI: Using configuration type 1 for base access
Jan 17 10:08:07 ubuntu kernel: [    0.053983] audit: type=2000 audit(1547719674.048:1): state=initialized audit_enabled=0 res=1
Jan 17 10:08:07 ubuntu kernel: [    0.054353] HugeTLB registered 1.00 GiB page size, pre-allocated 0 pages
Jan 17 10:08:07 ubuntu kernel: [    0.054354] HugeTLB registered 2.00 MiB page size, pre-allocated 0 pages
Jan 17 10:08:07 ubuntu kernel: [    0.055636] ACPI: Added _OSI(Module Device)
Jan 17 10:08:07 ubuntu kernel: [    0.055636] ACPI: Added _OSI(Processor Device)
Jan 17 10:08:07 ubuntu kernel: [    0.055637] ACPI: Added _OSI(3.0 _SCP Extensions)
Jan 17 10:08:07 ubuntu kernel: [    0.055637] ACPI: Added _OSI(Processor Aggregator Device)
Jan 17 10:08:07 ubuntu kernel: [    0.055638] ACPI: Added _OSI(Linux-Dell-Video)
Jan 17 10:08:07 ubuntu kernel: [    0.060786] ACPI: [Firmware Bug]: BIOS _OSI(Linux) query ignored
Jan 17 10:08:07 ubuntu kernel: [    0.079734] ACPI: Interpreter enabled
Jan 17 10:08:07 ubuntu kernel: [    0.079744] ACPI: (supports S0 S1 S4 S5)
Jan 17 10:08:07 ubuntu kernel: [    0.079745] ACPI: Using IOAPIC for interrupt routing
Jan 17 10:08:07 ubuntu kernel: [    0.079849] PCI: Using host bridge windows from ACPI; if necessary, use "pci=nocrs" and report a bug
Jan 17 10:08:07 ubuntu kernel: [    0.080000] ACPI: Enabled 4 GPEs in block 00 to 0F
Jan 17 10:08:07 ubuntu kernel: [    0.161668] ACPI: PCI Root Bridge [PCI0] (domain 0000 [bus 00-7f])
Jan 17 10:08:07 ubuntu kernel: [    0.161674] acpi PNP0A03:00: _OSC: OS supports [ExtendedConfig ASPM ClockPM Segments MSI]
Jan 17 10:08:07 ubuntu kernel: [    0.161862] acpi PNP0A03:00: _OSC: platform does not support [AER]
Jan 17 10:08:07 ubuntu kernel: [    0.162051] acpi PNP0A03:00: _OSC: OS now controls [PCIeHotplug PME PCIeCapability]
Jan 17 10:08:07 ubuntu kernel: [    0.163894] PCI host bridge to bus 0000:00
Jan 17 10:08:07 ubuntu kernel: [    0.163896] pci_bus 0000:00: root bus resource [mem 0x000a0000-0x000bffff window]
Jan 17 10:08:07 ubuntu kernel: [    0.163896] pci_bus 0000:00: root bus resource [mem 0x000d0000-0x000d3fff window]
Jan 17 10:08:07 ubuntu kernel: [    0.163897] pci_bus 0000:00: root bus resource [mem 0x000d4000-0x000d7fff window]
Jan 17 10:08:07 ubuntu kernel: [    0.163898] pci_bus 0000:00: root bus resource [mem 0x000d8000-0x000dbfff window]
Jan 17 10:08:07 ubuntu kernel: [    0.163899] pci_bus 0000:00: root bus resource [mem 0xc0000000-0xfebfffff window]
Jan 17 10:08:07 ubuntu kernel: [    0.163900] pci_bus 0000:00: root bus resource [io  0x0000-0x0cf7 window]
Jan 17 10:08:07 ubuntu kernel: [    0.163901] pci_bus 0000:00: root bus resource [io  0x0d00-0xfeff window]
Jan 17 10:08:07 ubuntu kernel: [    0.163902] pci_bus 0000:00: root bus resource [bus 00-7f]
Jan 17 10:08:07 ubuntu kernel: [    0.163950] pci 0000:00:00.0: [8086:7190] type 00 class 0x060000
Jan 17 10:08:07 ubuntu kernel: [    0.164572] pci 0000:00:01.0: [8086:7191] type 01 class 0x060400
Jan 17 10:08:07 ubuntu kernel: [    0.165114] pci 0000:00:07.0: [8086:7110] type 00 class 0x060100
Jan 17 10:08:07 ubuntu kernel: [    0.165863] pci 0000:00:07.1: [8086:7111] type 00 class 0x01018a
Jan 17 10:08:07 ubuntu kernel: [    0.167076] pci 0000:00:07.1: reg 0x20: [io  0x1060-0x106f]
Jan 17 10:08:07 ubuntu kernel: [    0.167489] pci 0000:00:07.1: legacy IDE quirk: reg 0x10: [io  0x01f0-0x01f7]
Jan 17 10:08:07 ubuntu kernel: [    0.167490] pci 0000:00:07.1: legacy IDE quirk: reg 0x14: [io  0x03f6]
Jan 17 10:08:07 ubuntu kernel: [    0.167491] pci 0000:00:07.1: legacy IDE quirk: reg 0x18: [io  0x0170-0x0177]
Jan 17 10:08:07 ubuntu kernel: [    0.167492] pci 0000:00:07.1: legacy IDE quirk: reg 0x1c: [io  0x0376]
Jan 17 10:08:07 ubuntu kernel: [    0.167711] pci 0000:00:07.3: [8086:7113] type 00 class 0x068000
Jan 17 10:08:07 ubuntu kernel: [    0.168943] pci 0000:00:07.3: quirk: [io  0x1000-0x103f] claimed by PIIX4 ACPI
Jan 17 10:08:07 ubuntu kernel: [    0.168953] pci 0000:00:07.3: quirk: [io  0x1040-0x104f] claimed by PIIX4 SMB
Jan 17 10:08:07 ubuntu kernel: [    0.169485] pci 0000:00:07.7: [15ad:0740] type 00 class 0x088000
Jan 17 10:08:07 ubuntu kernel: [    0.169976] pci 0000:00:07.7: reg 0x10: [io  0x1080-0x10bf]
Jan 17 10:08:07 ubuntu kernel: [    0.170397] pci 0000:00:07.7: reg 0x14: [mem 0xfebfe000-0xfebfffff 64bit]
Jan 17 10:08:07 ubuntu kernel: [    0.172425] pci 0000:00:0f.0: [15ad:0405] type 00 class 0x030000
Jan 17 10:08:07 ubuntu kernel: [    0.173630] pci 0000:00:0f.0: reg 0x10: [io  0x1070-0x107f]
Jan 17 10:08:07 ubuntu kernel: [    0.174726] pci 0000:00:0f.0: reg 0x14: [mem 0xe8000000-0xefffffff pref]
Jan 17 10:08:07 ubuntu kernel: [    0.175817] pci 0000:00:0f.0: reg 0x18: [mem 0xfe000000-0xfe7fffff]
Jan 17 10:08:07 ubuntu kernel: [    0.179660] pci 0000:00:0f.0: reg 0x30: [mem 0x00000000-0x00007fff pref]
Jan 17 10:08:07 ubuntu kernel: [    0.180087] pci 0000:00:10.0: [1000:0030] type 00 class 0x010000
Jan 17 10:08:07 ubuntu kernel: [    0.180709] pci 0000:00:10.0: reg 0x10: [io  0x1400-0x14ff]
Jan 17 10:08:07 ubuntu kernel: [    0.181285] pci 0000:00:10.0: reg 0x14: [mem 0xfeba0000-0xfebbffff 64bit]
Jan 17 10:08:07 ubuntu kernel: [    0.181858] pci 0000:00:10.0: reg 0x1c: [mem 0xfebc0000-0xfebdffff 64bit]
Jan 17 10:08:07 ubuntu kernel: [    0.183045] pci 0000:00:10.0: reg 0x30: [mem 0x00000000-0x00003fff pref]
Jan 17 10:08:07 ubuntu kernel: [    0.183430] pci 0000:00:11.0: [15ad:0790] type 01 class 0x060401
Jan 17 10:08:07 ubuntu kernel: [    0.184133] pci 0000:00:15.0: [15ad:07a0] type 01 class 0x060400
Jan 17 10:08:07 ubuntu kernel: [    0.184843] pci 0000:00:15.0: PME# supported from D0 D3hot D3cold
Jan 17 10:08:07 ubuntu kernel: [    0.185151] pci 0000:00:15.1: [15ad:07a0] type 01 class 0x060400
Jan 17 10:08:07 ubuntu kernel: [    0.185800] pci 0000:00:15.1: PME# supported from D0 D3hot D3cold
Jan 17 10:08:07 ubuntu kernel: [    0.186156] pci 0000:00:15.2: [15ad:07a0] type 01 class 0x060400
Jan 17 10:08:07 ubuntu kernel: [    0.186806] pci 0000:00:15.2: PME# supported from D0 D3hot D3cold
Jan 17 10:08:07 ubuntu kernel: [    0.187201] pci 0000:00:15.3: [15ad:07a0] type 01 class 0x060400
Jan 17 10:08:07 ubuntu kernel: [    0.187860] pci 0000:00:15.3: PME# supported from D0 D3hot D3cold
Jan 17 10:08:07 ubuntu kernel: [    0.188267] pci 0000:00:15.4: [15ad:07a0] type 01 class 0x060400
Jan 17 10:08:07 ubuntu kernel: [    0.188939] pci 0000:00:15.4: PME# supported from D0 D3hot D3cold
Jan 17 10:08:07 ubuntu kernel: [    0.189244] pci 0000:00:15.5: [15ad:07a0] type 01 class 0x060400
Jan 17 10:08:07 ubuntu kernel: [    0.189898] pci 0000:00:15.5: PME# supported from D0 D3hot D3cold
Jan 17 10:08:07 ubuntu kernel: [    0.190237] pci 0000:00:15.6: [15ad:07a0] type 01 class 0x060400
Jan 17 10:08:07 ubuntu kernel: [    0.190895] pci 0000:00:15.6: PME# supported from D0 D3hot D3cold
Jan 17 10:08:07 ubuntu kernel: [    0.191160] pci 0000:00:15.7: [15ad:07a0] type 01 class 0x060400
Jan 17 10:08:07 ubuntu kernel: [    0.191817] pci 0000:00:15.7: PME# supported from D0 D3hot D3cold
Jan 17 10:08:07 ubuntu kernel: [    0.192104] pci 0000:00:16.0: [15ad:07a0] type 01 class 0x060400
Jan 17 10:08:07 ubuntu kernel: [    0.192763] pci 0000:00:16.0: PME# supported from D0 D3hot D3cold
Jan 17 10:08:07 ubuntu kernel: [    0.193101] pci 0000:00:16.1: [15ad:07a0] type 01 class 0x060400
Jan 17 10:08:07 ubuntu kernel: [    0.193753] pci 0000:00:16.1: PME# supported from D0 D3hot D3cold
Jan 17 10:08:07 ubuntu kernel: [    0.194057] pci 0000:00:16.2: [15ad:07a0] type 01 class 0x060400
Jan 17 10:08:07 ubuntu kernel: [    0.194707] pci 0000:00:16.2: PME# supported from D0 D3hot D3cold
Jan 17 10:08:07 ubuntu kernel: [    0.195019] pci 0000:00:16.3: [15ad:07a0] type 01 class 0x060400
Jan 17 10:08:07 ubuntu kernel: [    0.195669] pci 0000:00:16.3: PME# supported from D0 D3hot D3cold
Jan 17 10:08:07 ubuntu kernel: [    0.196126] pci 0000:00:16.4: [15ad:07a0] type 01 class 0x060400
Jan 17 10:08:07 ubuntu kernel: [    0.196780] pci 0000:00:16.4: PME# supported from D0 D3hot D3cold
Jan 17 10:08:07 ubuntu kernel: [    0.197084] pci 0000:00:16.5: [15ad:07a0] type 01 class 0x060400
Jan 17 10:08:07 ubuntu kernel: [    0.197744] pci 0000:00:16.5: PME# supported from D0 D3hot D3cold
Jan 17 10:08:07 ubuntu kernel: [    0.198009] pci 0000:00:16.6: [15ad:07a0] type 01 class 0x060400
Jan 17 10:08:07 ubuntu kernel: [    0.198659] pci 0000:00:16.6: PME# supported from D0 D3hot D3cold
Jan 17 10:08:07 ubuntu kernel: [    0.198971] pci 0000:00:16.7: [15ad:07a0] type 01 class 0x060400
Jan 17 10:08:07 ubuntu kernel: [    0.199655] pci 0000:00:16.7: PME# supported from D0 D3hot D3cold
Jan 17 10:08:07 ubuntu kernel: [    0.199964] pci 0000:00:17.0: [15ad:07a0] type 01 class 0x060400
Jan 17 10:08:07 ubuntu kernel: [    0.200611] pci 0000:00:17.0: PME# supported from D0 D3hot D3cold
Jan 17 10:08:07 ubuntu kernel: [    0.201074] pci 0000:00:17.1: [15ad:07a0] type 01 class 0x060400
Jan 17 10:08:07 ubuntu kernel: [    0.201732] pci 0000:00:17.1: PME# supported from D0 D3hot D3cold
Jan 17 10:08:07 ubuntu kernel: [    0.202039] pci 0000:00:17.2: [15ad:07a0] type 01 class 0x060400
Jan 17 10:08:07 ubuntu kernel: [    0.202794] pci 0000:00:17.2: PME# supported from D0 D3hot D3cold
Jan 17 10:08:07 ubuntu kernel: [    0.203117] pci 0000:00:17.3: [15ad:07a0] type 01 class 0x060400
Jan 17 10:08:07 ubuntu kernel: [    0.203769] pci 0000:00:17.3: PME# supported from D0 D3hot D3cold
Jan 17 10:08:07 ubuntu kernel: [    0.204218] pci 0000:00:17.4: [15ad:07a0] type 01 class 0x060400
Jan 17 10:08:07 ubuntu kernel: [    0.204877] pci 0000:00:17.4: PME# supported from D0 D3hot D3cold
Jan 17 10:08:07 ubuntu kernel: [    0.205238] pci 0000:00:17.5: [15ad:07a0] type 01 class 0x060400
Jan 17 10:08:07 ubuntu kernel: [    0.205965] pci 0000:00:17.5: PME# supported from D0 D3hot D3cold
Jan 17 10:08:07 ubuntu kernel: [    0.206236] pci 0000:00:17.6: [15ad:07a0] type 01 class 0x060400
Jan 17 10:08:07 ubuntu kernel: [    0.206895] pci 0000:00:17.6: PME# supported from D0 D3hot D3cold
Jan 17 10:08:07 ubuntu kernel: [    0.207201] pci 0000:00:17.7: [15ad:07a0] type 01 class 0x060400
Jan 17 10:08:07 ubuntu kernel: [    0.207904] pci 0000:00:17.7: PME# supported from D0 D3hot D3cold
Jan 17 10:08:07 ubuntu kernel: [    0.208209] pci 0000:00:18.0: [15ad:07a0] type 01 class 0x060400
Jan 17 10:08:07 ubuntu kernel: [    0.208980] pci 0000:00:18.0: PME# supported from D0 D3hot D3cold
Jan 17 10:08:07 ubuntu kernel: [    0.209305] pci 0000:00:18.1: [15ad:07a0] type 01 class 0x060400
Jan 17 10:08:07 ubuntu kernel: [    0.209962] pci 0000:00:18.1: PME# supported from D0 D3hot D3cold
Jan 17 10:08:07 ubuntu kernel: [    0.210266] pci 0000:00:18.2: [15ad:07a0] type 01 class 0x060400
Jan 17 10:08:07 ubuntu kernel: [    0.211036] pci 0000:00:18.2: PME# supported from D0 D3hot D3cold
Jan 17 10:08:07 ubuntu kernel: [    0.211408] pci 0000:00:18.3: [15ad:07a0] type 01 class 0x060400
Jan 17 10:08:07 ubuntu kernel: [    0.212053] pci 0000:00:18.3: PME# supported from D0 D3hot D3cold
Jan 17 10:08:07 ubuntu kernel: [    0.212526] pci 0000:00:18.4: [15ad:07a0] type 01 class 0x060400
Jan 17 10:08:07 ubuntu kernel: [    0.213185] pci 0000:00:18.4: PME# supported from D0 D3hot D3cold
Jan 17 10:08:07 ubuntu kernel: [    0.213452] pci 0000:00:18.5: [15ad:07a0] type 01 class 0x060400
Jan 17 10:08:07 ubuntu kernel: [    0.214190] pci 0000:00:18.5: PME# supported from D0 D3hot D3cold
Jan 17 10:08:07 ubuntu kernel: [    0.214498] pci 0000:00:18.6: [15ad:07a0] type 01 class 0x060400
Jan 17 10:08:07 ubuntu kernel: [    0.215195] pci 0000:00:18.6: PME# supported from D0 D3hot D3cold
Jan 17 10:08:07 ubuntu kernel: [    0.215497] pci 0000:00:18.7: [15ad:07a0] type 01 class 0x060400
Jan 17 10:08:07 ubuntu kernel: [    0.216152] pci 0000:00:18.7: PME# supported from D0 D3hot D3cold
Jan 17 10:08:07 ubuntu kernel: [    0.216778] pci 0000:00:01.0: PCI bridge to [bus 01]
Jan 17 10:08:07 ubuntu kernel: [    0.217293] acpiphp: Slot [32] registered
Jan 17 10:08:07 ubuntu kernel: [    0.217327] acpiphp: Slot [33] registered
Jan 17 10:08:07 ubuntu kernel: [    0.217360] acpiphp: Slot [34] registered
Jan 17 10:08:07 ubuntu kernel: [    0.217414] acpiphp: Slot [35] registered
Jan 17 10:08:07 ubuntu kernel: [    0.217447] acpiphp: Slot [36] registered
Jan 17 10:08:07 ubuntu kernel: [    0.217480] acpiphp: Slot [37] registered
Jan 17 10:08:07 ubuntu kernel: [    0.217513] acpiphp: Slot [38] registered
Jan 17 10:08:07 ubuntu kernel: [    0.217581] acpiphp: Slot [39] registered
Jan 17 10:08:07 ubuntu kernel: [    0.217617] acpiphp: Slot [40] registered
Jan 17 10:08:07 ubuntu kernel: [    0.217650] acpiphp: Slot [41] registered
Jan 17 10:08:07 ubuntu kernel: [    0.217682] acpiphp: Slot [42] registered
Jan 17 10:08:07 ubuntu kernel: [    0.217715] acpiphp: Slot [43] registered
Jan 17 10:08:07 ubuntu kernel: [    0.217747] acpiphp: Slot [44] registered
Jan 17 10:08:07 ubuntu kernel: [    0.217780] acpiphp: Slot [45] registered
Jan 17 10:08:07 ubuntu kernel: [    0.217812] acpiphp: Slot [46] registered
Jan 17 10:08:07 ubuntu kernel: [    0.217845] acpiphp: Slot [47] registered
Jan 17 10:08:07 ubuntu kernel: [    0.217877] acpiphp: Slot [48] registered
Jan 17 10:08:07 ubuntu kernel: [    0.217910] acpiphp: Slot [49] registered
Jan 17 10:08:07 ubuntu kernel: [    0.217942] acpiphp: Slot [50] registered
Jan 17 10:08:07 ubuntu kernel: [    0.218056] acpiphp: Slot [51] registered
Jan 17 10:08:07 ubuntu kernel: [    0.218092] acpiphp: Slot [52] registered
Jan 17 10:08:07 ubuntu kernel: [    0.218124] acpiphp: Slot [53] registered
Jan 17 10:08:07 ubuntu kernel: [    0.218157] acpiphp: Slot [54] registered
Jan 17 10:08:07 ubuntu kernel: [    0.218189] acpiphp: Slot [55] registered
Jan 17 10:08:07 ubuntu kernel: [    0.218222] acpiphp: Slot [56] registered
Jan 17 10:08:07 ubuntu kernel: [    0.218254] acpiphp: Slot [57] registered
Jan 17 10:08:07 ubuntu kernel: [    0.218286] acpiphp: Slot [58] registered
Jan 17 10:08:07 ubuntu kernel: [    0.218319] acpiphp: Slot [59] registered
Jan 17 10:08:07 ubuntu kernel: [    0.218351] acpiphp: Slot [60] registered
Jan 17 10:08:07 ubuntu kernel: [    0.218384] acpiphp: Slot [61] registered
Jan 17 10:08:07 ubuntu kernel: [    0.218416] acpiphp: Slot [62] registered
Jan 17 10:08:07 ubuntu kernel: [    0.218489] acpiphp: Slot [63] registered
Jan 17 10:08:07 ubuntu kernel: [    0.218553] pci 0000:02:00.0: [15ad:0774] type 00 class 0x0c0300
Jan 17 10:08:07 ubuntu kernel: [    0.219499] pci 0000:02:00.0: reg 0x20: [io  0x2080-0x209f]
Jan 17 10:08:07 ubuntu kernel: [    0.220249] pci 0000:02:01.0: [8086:100f] type 00 class 0x020000
Jan 17 10:08:07 ubuntu kernel: [    0.220955] pci 0000:02:01.0: reg 0x10: [mem 0xfd5c0000-0xfd5dffff 64bit]
Jan 17 10:08:07 ubuntu kernel: [    0.221533] pci 0000:02:01.0: reg 0x18: [mem 0xfdff0000-0xfdffffff 64bit]
Jan 17 10:08:07 ubuntu kernel: [    0.222072] pci 0000:02:01.0: reg 0x20: [io  0x2000-0x203f]
Jan 17 10:08:07 ubuntu kernel: [    0.223146] pci 0000:02:01.0: reg 0x30: [mem 0x00000000-0x0000ffff pref]
Jan 17 10:08:07 ubuntu kernel: [    0.223410] pci 0000:02:01.0: PME# supported from D0 D3hot D3cold
Jan 17 10:08:07 ubuntu kernel: [    0.223646] pci 0000:02:02.0: [1274:1371] type 00 class 0x040100
Jan 17 10:08:07 ubuntu kernel: [    0.223904] pci 0000:02:02.0: reg 0x10: [io  0x2040-0x207f]
Jan 17 10:08:07 ubuntu kernel: [    0.225406] pci 0000:02:03.0: [15ad:0770] type 00 class 0x0c0320
Jan 17 10:08:07 ubuntu kernel: [    0.225747] pci 0000:02:03.0: reg 0x10: [mem 0xfd5ef000-0xfd5effff]
Jan 17 10:08:07 ubuntu kernel: [    0.227918] pci 0000:02:05.0: [15ad:07e0] type 00 class 0x010601
Jan 17 10:08:07 ubuntu kernel: [    0.229595] pci 0000:02:05.0: reg 0x24: [mem 0xfd5ee000-0xfd5eefff]
Jan 17 10:08:07 ubuntu kernel: [    0.229852] pci 0000:02:05.0: reg 0x30: [mem 0x00000000-0x0000ffff pref]
Jan 17 10:08:07 ubuntu kernel: [    0.230197] pci 0000:02:05.0: PME# supported from D3hot
Jan 17 10:08:07 ubuntu kernel: [    0.230643] pci 0000:00:11.0: PCI bridge to [bus 02] (subtractive decode)
Jan 17 10:08:07 ubuntu kernel: [    0.230661] pci 0000:00:11.0:   bridge window [io  0x2000-0x3fff]
Jan 17 10:08:07 ubuntu kernel: [    0.230680] pci 0000:00:11.0:   bridge window [mem 0xfd500000-0xfdffffff]
Jan 17 10:08:07 ubuntu kernel: [    0.230734] pci 0000:00:11.0:   bridge window [mem 0xe7b00000-0xe7ffffff 64bit pref]
Jan 17 10:08:07 ubuntu kernel: [    0.230735] pci 0000:00:11.0:   bridge window [mem 0x000a0000-0x000bffff window] (subtractive decode)
Jan 17 10:08:07 ubuntu kernel: [    0.230736] pci 0000:00:11.0:   bridge window [mem 0x000d0000-0x000d3fff window] (subtractive decode)
Jan 17 10:08:07 ubuntu kernel: [    0.230737] pci 0000:00:11.0:   bridge window [mem 0x000d4000-0x000d7fff window] (subtractive decode)
Jan 17 10:08:07 ubuntu kernel: [    0.230738] pci 0000:00:11.0:   bridge window [mem 0x000d8000-0x000dbfff window] (subtractive decode)
Jan 17 10:08:07 ubuntu kernel: [    0.230739] pci 0000:00:11.0:   bridge window [mem 0xc0000000-0xfebfffff window] (subtractive decode)
Jan 17 10:08:07 ubuntu kernel: [    0.230740] pci 0000:00:11.0:   bridge window [io  0x0000-0x0cf7 window] (subtractive decode)
Jan 17 10:08:07 ubuntu kernel: [    0.230740] pci 0000:00:11.0:   bridge window [io  0x0d00-0xfeff window] (subtractive decode)
Jan 17 10:08:07 ubuntu kernel: [    0.231184] pci 0000:00:15.0: PCI bridge to [bus 03]
Jan 17 10:08:07 ubuntu kernel: [    0.231204] pci 0000:00:15.0:   bridge window [io  0x4000-0x4fff]
Jan 17 10:08:07 ubuntu kernel: [    0.231224] pci 0000:00:15.0:   bridge window [mem 0xfd400000-0xfd4fffff]
Jan 17 10:08:07 ubuntu kernel: [    0.231304] pci 0000:00:15.0:   bridge window [mem 0xe7a00000-0xe7afffff 64bit pref]
Jan 17 10:08:07 ubuntu kernel: [    0.231627] pci 0000:00:15.1: PCI bridge to [bus 04]
Jan 17 10:08:07 ubuntu kernel: [    0.231645] pci 0000:00:15.1:   bridge window [io  0x8000-0x8fff]
Jan 17 10:08:07 ubuntu kernel: [    0.231664] pci 0000:00:15.1:   bridge window [mem 0xfd000000-0xfd0fffff]
Jan 17 10:08:07 ubuntu kernel: [    0.231699] pci 0000:00:15.1:   bridge window [mem 0xe7600000-0xe76fffff 64bit pref]
Jan 17 10:08:07 ubuntu kernel: [    0.232032] pci 0000:00:15.2: PCI bridge to [bus 05]
Jan 17 10:08:07 ubuntu kernel: [    0.232052] pci 0000:00:15.2:   bridge window [io  0xc000-0xcfff]
Jan 17 10:08:07 ubuntu kernel: [    0.232071] pci 0000:00:15.2:   bridge window [mem 0xfcc00000-0xfccfffff]
Jan 17 10:08:07 ubuntu kernel: [    0.232145] pci 0000:00:15.2:   bridge window [mem 0xe7200000-0xe72fffff 64bit pref]
Jan 17 10:08:07 ubuntu kernel: [    0.232692] pci 0000:00:15.3: PCI bridge to [bus 06]
Jan 17 10:08:07 ubuntu kernel: [    0.232727] pci 0000:00:15.3:   bridge window [mem 0xfc800000-0xfc8fffff]
Jan 17 10:08:07 ubuntu kernel: [    0.232762] pci 0000:00:15.3:   bridge window [mem 0xe6e00000-0xe6efffff 64bit pref]
Jan 17 10:08:07 ubuntu kernel: [    0.233038] pci 0000:00:15.4: PCI bridge to [bus 07]
Jan 17 10:08:07 ubuntu kernel: [    0.233072] pci 0000:00:15.4:   bridge window [mem 0xfc400000-0xfc4fffff]
Jan 17 10:08:07 ubuntu kernel: [    0.233107] pci 0000:00:15.4:   bridge window [mem 0xe6a00000-0xe6afffff 64bit pref]
Jan 17 10:08:07 ubuntu kernel: [    0.233433] pci 0000:00:15.5: PCI bridge to [bus 08]
Jan 17 10:08:07 ubuntu kernel: [    0.233468] pci 0000:00:15.5:   bridge window [mem 0xfc000000-0xfc0fffff]
Jan 17 10:08:07 ubuntu kernel: [    0.233502] pci 0000:00:15.5:   bridge window [mem 0xe6600000-0xe66fffff 64bit pref]
Jan 17 10:08:07 ubuntu kernel: [    0.233775] pci 0000:00:15.6: PCI bridge to [bus 09]
Jan 17 10:08:07 ubuntu kernel: [    0.233810] pci 0000:00:15.6:   bridge window [mem 0xfbc00000-0xfbcfffff]
Jan 17 10:08:07 ubuntu kernel: [    0.233845] pci 0000:00:15.6:   bridge window [mem 0xe6200000-0xe62fffff 64bit pref]
Jan 17 10:08:07 ubuntu kernel: [    0.234271] pci 0000:00:15.7: PCI bridge to [bus 0a]
Jan 17 10:08:07 ubuntu kernel: [    0.234312] pci 0000:00:15.7:   bridge window [mem 0xfb800000-0xfb8fffff]
Jan 17 10:08:07 ubuntu kernel: [    0.234348] pci 0000:00:15.7:   bridge window [mem 0xe5e00000-0xe5efffff 64bit pref]
Jan 17 10:08:07 ubuntu kernel: [    0.234661] pci 0000:00:16.0: PCI bridge to [bus 0b]
Jan 17 10:08:07 ubuntu kernel: [    0.234679] pci 0000:00:16.0:   bridge window [io  0x5000-0x5fff]
Jan 17 10:08:07 ubuntu kernel: [    0.234697] pci 0000:00:16.0:   bridge window [mem 0xfd300000-0xfd3fffff]
Jan 17 10:08:07 ubuntu kernel: [    0.234732] pci 0000:00:16.0:   bridge window [mem 0xe7900000-0xe79fffff 64bit pref]
Jan 17 10:08:07 ubuntu kernel: [    0.235006] pci 0000:00:16.1: PCI bridge to [bus 0c]
Jan 17 10:08:07 ubuntu kernel: [    0.235024] pci 0000:00:16.1:   bridge window [io  0x9000-0x9fff]
Jan 17 10:08:07 ubuntu kernel: [    0.235042] pci 0000:00:16.1:   bridge window [mem 0xfcf00000-0xfcffffff]
Jan 17 10:08:07 ubuntu kernel: [    0.235077] pci 0000:00:16.1:   bridge window [mem 0xe7500000-0xe75fffff 64bit pref]
Jan 17 10:08:07 ubuntu kernel: [    0.235441] pci 0000:00:16.2: PCI bridge to [bus 0d]
Jan 17 10:08:07 ubuntu kernel: [    0.235459] pci 0000:00:16.2:   bridge window [io  0xd000-0xdfff]
Jan 17 10:08:07 ubuntu kernel: [    0.235477] pci 0000:00:16.2:   bridge window [mem 0xfcb00000-0xfcbfffff]
Jan 17 10:08:07 ubuntu kernel: [    0.235512] pci 0000:00:16.2:   bridge window [mem 0xe7100000-0xe71fffff 64bit pref]
Jan 17 10:08:07 ubuntu kernel: [    0.235787] pci 0000:00:16.3: PCI bridge to [bus 0e]
Jan 17 10:08:07 ubuntu kernel: [    0.235822] pci 0000:00:16.3:   bridge window [mem 0xfc700000-0xfc7fffff]
Jan 17 10:08:07 ubuntu kernel: [    0.235856] pci 0000:00:16.3:   bridge window [mem 0xe6d00000-0xe6dfffff 64bit pref]
Jan 17 10:08:07 ubuntu kernel: [    0.236122] pci 0000:00:16.4: PCI bridge to [bus 0f]
Jan 17 10:08:07 ubuntu kernel: [    0.236157] pci 0000:00:16.4:   bridge window [mem 0xfc300000-0xfc3fffff]
Jan 17 10:08:07 ubuntu kernel: [    0.236192] pci 0000:00:16.4:   bridge window [mem 0xe6900000-0xe69fffff 64bit pref]
Jan 17 10:08:07 ubuntu kernel: [    0.236504] pci 0000:00:16.5: PCI bridge to [bus 10]
Jan 17 10:08:07 ubuntu kernel: [    0.236539] pci 0000:00:16.5:   bridge window [mem 0xfbf00000-0xfbffffff]
Jan 17 10:08:07 ubuntu kernel: [    0.236574] pci 0000:00:16.5:   bridge window [mem 0xe6500000-0xe65fffff 64bit pref]
Jan 17 10:08:07 ubuntu kernel: [    0.236847] pci 0000:00:16.6: PCI bridge to [bus 11]
Jan 17 10:08:07 ubuntu kernel: [    0.236882] pci 0000:00:16.6:   bridge window [mem 0xfbb00000-0xfbbfffff]
Jan 17 10:08:07 ubuntu kernel: [    0.236917] pci 0000:00:16.6:   bridge window [mem 0xe6100000-0xe61fffff 64bit pref]
Jan 17 10:08:07 ubuntu kernel: [    0.237189] pci 0000:00:16.7: PCI bridge to [bus 12]
Jan 17 10:08:07 ubuntu kernel: [    0.237224] pci 0000:00:16.7:   bridge window [mem 0xfb700000-0xfb7fffff]
Jan 17 10:08:07 ubuntu kernel: [    0.237258] pci 0000:00:16.7:   bridge window [mem 0xe5d00000-0xe5dfffff 64bit pref]
Jan 17 10:08:07 ubuntu kernel: [    0.237619] pci 0000:00:17.0: PCI bridge to [bus 13]
Jan 17 10:08:07 ubuntu kernel: [    0.237637] pci 0000:00:17.0:   bridge window [io  0x6000-0x6fff]
Jan 17 10:08:07 ubuntu kernel: [    0.237655] pci 0000:00:17.0:   bridge window [mem 0xfd200000-0xfd2fffff]
Jan 17 10:08:07 ubuntu kernel: [    0.237690] pci 0000:00:17.0:   bridge window [mem 0xe7800000-0xe78fffff 64bit pref]
Jan 17 10:08:07 ubuntu kernel: [    0.237987] pci 0000:00:17.1: PCI bridge to [bus 14]
Jan 17 10:08:07 ubuntu kernel: [    0.238005] pci 0000:00:17.1:   bridge window [io  0xa000-0xafff]
Jan 17 10:08:07 ubuntu kernel: [    0.238023] pci 0000:00:17.1:   bridge window [mem 0xfce00000-0xfcefffff]
Jan 17 10:08:07 ubuntu kernel: [    0.238058] pci 0000:00:17.1:   bridge window [mem 0xe7400000-0xe74fffff 64bit pref]
Jan 17 10:08:07 ubuntu kernel: [    0.238410] pci 0000:00:17.2: PCI bridge to [bus 15]
Jan 17 10:08:07 ubuntu kernel: [    0.238428] pci 0000:00:17.2:   bridge window [io  0xe000-0xefff]
Jan 17 10:08:07 ubuntu kernel: [    0.238446] pci 0000:00:17.2:   bridge window [mem 0xfca00000-0xfcafffff]
Jan 17 10:08:07 ubuntu kernel: [    0.238481] pci 0000:00:17.2:   bridge window [mem 0xe7000000-0xe70fffff 64bit pref]
Jan 17 10:08:07 ubuntu kernel: [    0.238910] pci 0000:00:17.3: PCI bridge to [bus 16]
Jan 17 10:08:07 ubuntu kernel: [    0.238945] pci 0000:00:17.3:   bridge window [mem 0xfc600000-0xfc6fffff]
Jan 17 10:08:07 ubuntu kernel: [    0.238979] pci 0000:00:17.3:   bridge window [mem 0xe6c00000-0xe6cfffff 64bit pref]
Jan 17 10:08:07 ubuntu kernel: [    0.239253] pci 0000:00:17.4: PCI bridge to [bus 17]
Jan 17 10:08:07 ubuntu kernel: [    0.239289] pci 0000:00:17.4:   bridge window [mem 0xfc200000-0xfc2fffff]
Jan 17 10:08:07 ubuntu kernel: [    0.239344] pci 0000:00:17.4:   bridge window [mem 0xe6800000-0xe68fffff 64bit pref]
Jan 17 10:08:07 ubuntu kernel: [    0.239670] pci 0000:00:17.5: PCI bridge to [bus 18]
Jan 17 10:08:07 ubuntu kernel: [    0.239705] pci 0000:00:17.5:   bridge window [mem 0xfbe00000-0xfbefffff]
Jan 17 10:08:07 ubuntu kernel: [    0.239740] pci 0000:00:17.5:   bridge window [mem 0xe6400000-0xe64fffff 64bit pref]
Jan 17 10:08:07 ubuntu kernel: [    0.240003] pci 0000:00:17.6: PCI bridge to [bus 19]
Jan 17 10:08:07 ubuntu kernel: [    0.240038] pci 0000:00:17.6:   bridge window [mem 0xfba00000-0xfbafffff]
Jan 17 10:08:07 ubuntu kernel: [    0.240073] pci 0000:00:17.6:   bridge window [mem 0xe6000000-0xe60fffff 64bit pref]
Jan 17 10:08:07 ubuntu kernel: [    0.240386] pci 0000:00:17.7: PCI bridge to [bus 1a]
Jan 17 10:08:07 ubuntu kernel: [    0.240421] pci 0000:00:17.7:   bridge window [mem 0xfb600000-0xfb6fffff]
Jan 17 10:08:07 ubuntu kernel: [    0.240456] pci 0000:00:17.7:   bridge window [mem 0xe5c00000-0xe5cfffff 64bit pref]
Jan 17 10:08:07 ubuntu kernel: [    0.240751] pci 0000:00:18.0: PCI bridge to [bus 1b]
Jan 17 10:08:07 ubuntu kernel: [    0.240769] pci 0000:00:18.0:   bridge window [io  0x7000-0x7fff]
Jan 17 10:08:07 ubuntu kernel: [    0.240787] pci 0000:00:18.0:   bridge window [mem 0xfd100000-0xfd1fffff]
Jan 17 10:08:07 ubuntu kernel: [    0.240822] pci 0000:00:18.0:   bridge window [mem 0xe7700000-0xe77fffff 64bit pref]
Jan 17 10:08:07 ubuntu kernel: [    0.241095] pci 0000:00:18.1: PCI bridge to [bus 1c]
Jan 17 10:08:07 ubuntu kernel: [    0.241113] pci 0000:00:18.1:   bridge window [io  0xb000-0xbfff]
Jan 17 10:08:07 ubuntu kernel: [    0.241131] pci 0000:00:18.1:   bridge window [mem 0xfcd00000-0xfcdfffff]
Jan 17 10:08:07 ubuntu kernel: [    0.241166] pci 0000:00:18.1:   bridge window [mem 0xe7300000-0xe73fffff 64bit pref]
Jan 17 10:08:07 ubuntu kernel: [    0.241491] pci 0000:00:18.2: PCI bridge to [bus 1d]
Jan 17 10:08:07 ubuntu kernel: [    0.241526] pci 0000:00:18.2:   bridge window [mem 0xfc900000-0xfc9fffff]
Jan 17 10:08:07 ubuntu kernel: [    0.241560] pci 0000:00:18.2:   bridge window [mem 0xe6f00000-0xe6ffffff 64bit pref]
Jan 17 10:08:07 ubuntu kernel: [    0.241834] pci 0000:00:18.3: PCI bridge to [bus 1e]
Jan 17 10:08:07 ubuntu kernel: [    0.241869] pci 0000:00:18.3:   bridge window [mem 0xfc500000-0xfc5fffff]
Jan 17 10:08:07 ubuntu kernel: [    0.241903] pci 0000:00:18.3:   bridge window [mem 0xe6b00000-0xe6bfffff 64bit pref]
Jan 17 10:08:07 ubuntu kernel: [    0.242175] pci 0000:00:18.4: PCI bridge to [bus 1f]
Jan 17 10:08:07 ubuntu kernel: [    0.242210] pci 0000:00:18.4:   bridge window [mem 0xfc100000-0xfc1fffff]
Jan 17 10:08:07 ubuntu kernel: [    0.242244] pci 0000:00:18.4:   bridge window [mem 0xe6700000-0xe67fffff 64bit pref]
Jan 17 10:08:07 ubuntu kernel: [    0.242577] pci 0000:00:18.5: PCI bridge to [bus 20]
Jan 17 10:08:07 ubuntu kernel: [    0.242612] pci 0000:00:18.5:   bridge window [mem 0xfbd00000-0xfbdfffff]
Jan 17 10:08:07 ubuntu kernel: [    0.242647] pci 0000:00:18.5:   bridge window [mem 0xe6300000-0xe63fffff 64bit pref]
Jan 17 10:08:07 ubuntu kernel: [    0.242920] pci 0000:00:18.6: PCI bridge to [bus 21]
Jan 17 10:08:07 ubuntu kernel: [    0.242955] pci 0000:00:18.6:   bridge window [mem 0xfb900000-0xfb9fffff]
Jan 17 10:08:07 ubuntu kernel: [    0.242990] pci 0000:00:18.6:   bridge window [mem 0xe5f00000-0xe5ffffff 64bit pref]
Jan 17 10:08:07 ubuntu kernel: [    0.243303] pci 0000:00:18.7: PCI bridge to [bus 22]
Jan 17 10:08:07 ubuntu kernel: [    0.243338] pci 0000:00:18.7:   bridge window [mem 0xfb500000-0xfb5fffff]
Jan 17 10:08:07 ubuntu kernel: [    0.243372] pci 0000:00:18.7:   bridge window [mem 0xe5b00000-0xe5bfffff 64bit pref]
Jan 17 10:08:07 ubuntu kernel: [    0.245692] ACPI: PCI Interrupt Link [LNKA] (IRQs 3 4 5 6 7 *9 10 11 14 15)
Jan 17 10:08:07 ubuntu kernel: [    0.245768] ACPI: PCI Interrupt Link [LNKB] (IRQs 3 4 5 6 7 9 10 *11 14 15)
Jan 17 10:08:07 ubuntu kernel: [    0.245884] ACPI: PCI Interrupt Link [LNKC] (IRQs 3 4 5 6 7 9 *10 11 14 15)
Jan 17 10:08:07 ubuntu kernel: [    0.245957] ACPI: PCI Interrupt Link [LNKD] (IRQs 3 4 5 6 *7 9 10 11 14 15)
Jan 17 10:08:07 ubuntu kernel: [    0.259339] SCSI subsystem initialized
Jan 17 10:08:07 ubuntu kernel: [    0.259426] libata version 3.00 loaded.
Jan 17 10:08:07 ubuntu kernel: [    0.259461] pci 0000:00:0f.0: vgaarb: setting as boot VGA device
Jan 17 10:08:07 ubuntu kernel: [    0.259462] pci 0000:00:0f.0: vgaarb: VGA device added: decodes=io+mem,owns=io+mem,locks=none
Jan 17 10:08:07 ubuntu kernel: [    0.259468] pci 0000:00:0f.0: vgaarb: bridge control possible
Jan 17 10:08:07 ubuntu kernel: [    0.259468] vgaarb: loaded
Jan 17 10:08:07 ubuntu kernel: [    0.259479] ACPI: bus type USB registered
Jan 17 10:08:07 ubuntu kernel: [    0.259525] usbcore: registered new interface driver usbfs
Jan 17 10:08:07 ubuntu kernel: [    0.259530] usbcore: registered new interface driver hub
Jan 17 10:08:07 ubuntu kernel: [    0.259552] usbcore: registered new device driver usb
Jan 17 10:08:07 ubuntu kernel: [    0.259659] EDAC MC: Ver: 3.0.0
Jan 17 10:08:07 ubuntu kernel: [    0.261048] PCI: Using ACPI for IRQ routing
Jan 17 10:08:07 ubuntu kernel: [    0.285835] PCI: pci_cache_line_size set to 64 bytes
Jan 17 10:08:07 ubuntu kernel: [    0.286637] e820: reserve RAM buffer [mem 0x0009e800-0x0009ffff]
Jan 17 10:08:07 ubuntu kernel: [    0.286638] e820: reserve RAM buffer [mem 0x3fee0000-0x3fffffff]
Jan 17 10:08:07 ubuntu kernel: [    0.286806] NetLabel: Initializing
Jan 17 10:08:07 ubuntu kernel: [    0.286806] NetLabel:  domain hash size = 128
Jan 17 10:08:07 ubuntu kernel: [    0.286806] NetLabel:  protocols = UNLABELED CIPSOv4 CALIPSO
Jan 17 10:08:07 ubuntu kernel: [    0.286814] NetLabel:  unlabeled traffic allowed by default
Jan 17 10:08:07 ubuntu kernel: [    0.288201] hpet0: at MMIO 0xfed00000, IRQs 2, 8, 0, 0, 0, 0, 0, 0, 0, 0, 0, 0, 0, 0, 0, 0
Jan 17 10:08:07 ubuntu kernel: [    0.288206] hpet0: 16 comparators, 64-bit 14.318180 MHz counter
Jan 17 10:08:07 ubuntu kernel: [    0.290246] clocksource: Switched to clocksource hpet
Jan 17 10:08:07 ubuntu kernel: [    0.322023] VFS: Disk quotas dquot_6.6.0
Jan 17 10:08:07 ubuntu kernel: [    0.322083] VFS: Dquot-cache hash table entries: 512 (order 0, 4096 bytes)
Jan 17 10:08:07 ubuntu kernel: [    0.322570] AppArmor: AppArmor Filesystem Enabled
Jan 17 10:08:07 ubuntu kernel: [    0.322589] pnp: PnP ACPI init
Jan 17 10:08:07 ubuntu kernel: [    0.322781] system 00:00: [io  0x1000-0x103f] has been reserved
Jan 17 10:08:07 ubuntu kernel: [    0.322782] system 00:00: [io  0x1040-0x104f] has been reserved
Jan 17 10:08:07 ubuntu kernel: [    0.322783] system 00:00: [io  0x0cf0-0x0cf1] has been reserved
Jan 17 10:08:07 ubuntu kernel: [    0.322788] system 00:00: Plug and Play ACPI device, IDs PNP0c02 (active)
Jan 17 10:08:07 ubuntu kernel: [    0.322846] pnp 00:01: Plug and Play ACPI device, IDs PNP0b00 (active)
Jan 17 10:08:07 ubuntu kernel: [    0.322860] pnp 00:02: Plug and Play ACPI device, IDs PNP0303 (active)
Jan 17 10:08:07 ubuntu kernel: [    0.322871] pnp 00:03: Plug and Play ACPI device, IDs VMW0003 PNP0f13 (active)
Jan 17 10:08:07 ubuntu kernel: [    0.323248] system 00:04: [mem 0xfed00000-0xfed003ff] has been reserved
Jan 17 10:08:07 ubuntu kernel: [    0.323251] system 00:04: Plug and Play ACPI device, IDs PNP0103 PNP0c01 (active)
Jan 17 10:08:07 ubuntu kernel: [    0.324782] pnp 00:05: Plug and Play ACPI device, IDs PNP0501 (active)
Jan 17 10:08:07 ubuntu kernel: [    0.325033] pnp 00:06: [dma 2]
Jan 17 10:08:07 ubuntu kernel: [    0.325056] pnp 00:06: Plug and Play ACPI device, IDs PNP0700 (active)
Jan 17 10:08:07 ubuntu kernel: [    0.325295] system 00:07: [io  0xfce0-0xfcff] has been reserved
Jan 17 10:08:07 ubuntu kernel: [    0.325297] system 00:07: [mem 0xf0000000-0xf7ffffff] has been reserved
Jan 17 10:08:07 ubuntu kernel: [    0.325298] system 00:07: [mem 0xfe800000-0xfe9fffff] has been reserved
Jan 17 10:08:07 ubuntu kernel: [    0.325301] system 00:07: Plug and Play ACPI device, IDs PNP0c02 (active)
Jan 17 10:08:07 ubuntu kernel: [    0.330448] pnp: PnP ACPI: found 8 devices
Jan 17 10:08:07 ubuntu kernel: [    0.337367] clocksource: acpi_pm: mask: 0xffffff max_cycles: 0xffffff, max_idle_ns: 2085701024 ns
Jan 17 10:08:07 ubuntu kernel: [    0.337655] pci 0000:00:15.3: bridge window [io  0x1000-0x0fff] to [bus 06] add_size 1000
Jan 17 10:08:07 ubuntu kernel: [    0.337707] pci 0000:00:15.4: bridge window [io  0x1000-0x0fff] to [bus 07] add_size 1000
Jan 17 10:08:07 ubuntu kernel: [    0.337759] pci 0000:00:15.5: bridge window [io  0x1000-0x0fff] to [bus 08] add_size 1000
Jan 17 10:08:07 ubuntu kernel: [    0.337811] pci 0000:00:15.6: bridge window [io  0x1000-0x0fff] to [bus 09] add_size 1000
Jan 17 10:08:07 ubuntu kernel: [    0.337862] pci 0000:00:15.7: bridge window [io  0x1000-0x0fff] to [bus 0a] add_size 1000
Jan 17 10:08:07 ubuntu kernel: [    0.338073] pci 0000:00:16.3: bridge window [io  0x1000-0x0fff] to [bus 0e] add_size 1000
Jan 17 10:08:07 ubuntu kernel: [    0.338149] pci 0000:00:16.4: bridge window [io  0x1000-0x0fff] to [bus 0f] add_size 1000
Jan 17 10:08:07 ubuntu kernel: [    0.338203] pci 0000:00:16.5: bridge window [io  0x1000-0x0fff] to [bus 10] add_size 1000
Jan 17 10:08:07 ubuntu kernel: [    0.338255] pci 0000:00:16.6: bridge window [io  0x1000-0x0fff] to [bus 11] add_size 1000
Jan 17 10:08:07 ubuntu kernel: [    0.338307] pci 0000:00:16.7: bridge window [io  0x1000-0x0fff] to [bus 12] add_size 1000
Jan 17 10:08:07 ubuntu kernel: [    0.338510] pci 0000:00:17.3: bridge window [io  0x1000-0x0fff] to [bus 16] add_size 1000
Jan 17 10:08:07 ubuntu kernel: [    0.338563] pci 0000:00:17.4: bridge window [io  0x1000-0x0fff] to [bus 17] add_size 1000
Jan 17 10:08:07 ubuntu kernel: [    0.338615] pci 0000:00:17.5: bridge window [io  0x1000-0x0fff] to [bus 18] add_size 1000
Jan 17 10:08:07 ubuntu kernel: [    0.338667] pci 0000:00:17.6: bridge window [io  0x1000-0x0fff] to [bus 19] add_size 1000
Jan 17 10:08:07 ubuntu kernel: [    0.338720] pci 0000:00:17.7: bridge window [io  0x1000-0x0fff] to [bus 1a] add_size 1000
Jan 17 10:08:07 ubuntu kernel: [    0.338873] pci 0000:00:18.2: bridge window [io  0x1000-0x0fff] to [bus 1d] add_size 1000
Jan 17 10:08:07 ubuntu kernel: [    0.338925] pci 0000:00:18.3: bridge window [io  0x1000-0x0fff] to [bus 1e] add_size 1000
Jan 17 10:08:07 ubuntu kernel: [    0.338983] pci 0000:00:18.4: bridge window [io  0x1000-0x0fff] to [bus 1f] add_size 1000
Jan 17 10:08:07 ubuntu kernel: [    0.339036] pci 0000:00:18.5: bridge window [io  0x1000-0x0fff] to [bus 20] add_size 1000
Jan 17 10:08:07 ubuntu kernel: [    0.339088] pci 0000:00:18.6: bridge window [io  0x1000-0x0fff] to [bus 21] add_size 1000
Jan 17 10:08:07 ubuntu kernel: [    0.339140] pci 0000:00:18.7: bridge window [io  0x1000-0x0fff] to [bus 22] add_size 1000
Jan 17 10:08:07 ubuntu kernel: [    0.339170] pci 0000:00:0f.0: BAR 6: assigned [mem 0xc0000000-0xc0007fff pref]
Jan 17 10:08:07 ubuntu kernel: [    0.339172] pci 0000:00:10.0: BAR 6: assigned [mem 0xc0008000-0xc000bfff pref]
Jan 17 10:08:07 ubuntu kernel: [    0.339174] pci 0000:00:15.3: BAR 13: no space for [io  size 0x1000]
Jan 17 10:08:07 ubuntu kernel: [    0.339175] pci 0000:00:15.3: BAR 13: failed to assign [io  size 0x1000]
Jan 17 10:08:07 ubuntu kernel: [    0.339177] pci 0000:00:15.4: BAR 13: no space for [io  size 0x1000]
Jan 17 10:08:07 ubuntu kernel: [    0.339178] pci 0000:00:15.4: BAR 13: failed to assign [io  size 0x1000]
Jan 17 10:08:07 ubuntu kernel: [    0.339179] pci 0000:00:15.5: BAR 13: no space for [io  size 0x1000]
Jan 17 10:08:07 ubuntu kernel: [    0.339180] pci 0000:00:15.5: BAR 13: failed to assign [io  size 0x1000]
Jan 17 10:08:07 ubuntu kernel: [    0.339181] pci 0000:00:15.6: BAR 13: no space for [io  size 0x1000]
Jan 17 10:08:07 ubuntu kernel: [    0.339182] pci 0000:00:15.6: BAR 13: failed to assign [io  size 0x1000]
Jan 17 10:08:07 ubuntu kernel: [    0.339183] pci 0000:00:15.7: BAR 13: no space for [io  size 0x1000]
Jan 17 10:08:07 ubuntu kernel: [    0.339183] pci 0000:00:15.7: BAR 13: failed to assign [io  size 0x1000]
Jan 17 10:08:07 ubuntu kernel: [    0.339185] pci 0000:00:16.3: BAR 13: no space for [io  size 0x1000]
Jan 17 10:08:07 ubuntu kernel: [    0.339185] pci 0000:00:16.3: BAR 13: failed to assign [io  size 0x1000]
Jan 17 10:08:07 ubuntu kernel: [    0.339187] pci 0000:00:16.4: BAR 13: no space for [io  size 0x1000]
Jan 17 10:08:07 ubuntu kernel: [    0.339187] pci 0000:00:16.4: BAR 13: failed to assign [io  size 0x1000]
Jan 17 10:08:07 ubuntu kernel: [    0.339188] pci 0000:00:16.5: BAR 13: no space for [io  size 0x1000]
Jan 17 10:08:07 ubuntu kernel: [    0.339189] pci 0000:00:16.5: BAR 13: failed to assign [io  size 0x1000]
Jan 17 10:08:07 ubuntu kernel: [    0.339190] pci 0000:00:16.6: BAR 13: no space for [io  size 0x1000]
Jan 17 10:08:07 ubuntu kernel: [    0.339191] pci 0000:00:16.6: BAR 13: failed to assign [io  size 0x1000]
Jan 17 10:08:07 ubuntu kernel: [    0.339192] pci 0000:00:16.7: BAR 13: no space for [io  size 0x1000]
Jan 17 10:08:07 ubuntu kernel: [    0.339193] pci 0000:00:16.7: BAR 13: failed to assign [io  size 0x1000]
Jan 17 10:08:07 ubuntu kernel: [    0.339194] pci 0000:00:17.3: BAR 13: no space for [io  size 0x1000]
Jan 17 10:08:07 ubuntu kernel: [    0.339195] pci 0000:00:17.3: BAR 13: failed to assign [io  size 0x1000]
Jan 17 10:08:07 ubuntu kernel: [    0.339196] pci 0000:00:17.4: BAR 13: no space for [io  size 0x1000]
Jan 17 10:08:07 ubuntu kernel: [    0.339197] pci 0000:00:17.4: BAR 13: failed to assign [io  size 0x1000]
Jan 17 10:08:07 ubuntu kernel: [    0.339198] pci 0000:00:17.5: BAR 13: no space for [io  size 0x1000]
Jan 17 10:08:07 ubuntu kernel: [    0.339199] pci 0000:00:17.5: BAR 13: failed to assign [io  size 0x1000]
Jan 17 10:08:07 ubuntu kernel: [    0.339200] pci 0000:00:17.6: BAR 13: no space for [io  size 0x1000]
Jan 17 10:08:07 ubuntu kernel: [    0.339201] pci 0000:00:17.6: BAR 13: failed to assign [io  size 0x1000]
Jan 17 10:08:07 ubuntu kernel: [    0.339202] pci 0000:00:17.7: BAR 13: no space for [io  size 0x1000]
Jan 17 10:08:07 ubuntu kernel: [    0.339203] pci 0000:00:17.7: BAR 13: failed to assign [io  size 0x1000]
Jan 17 10:08:07 ubuntu kernel: [    0.339204] pci 0000:00:18.2: BAR 13: no space for [io  size 0x1000]
Jan 17 10:08:07 ubuntu kernel: [    0.339204] pci 0000:00:18.2: BAR 13: failed to assign [io  size 0x1000]
Jan 17 10:08:07 ubuntu kernel: [    0.339206] pci 0000:00:18.3: BAR 13: no space for [io  size 0x1000]
Jan 17 10:08:07 ubuntu kernel: [    0.339206] pci 0000:00:18.3: BAR 13: failed to assign [io  size 0x1000]
Jan 17 10:08:07 ubuntu kernel: [    0.339208] pci 0000:00:18.4: BAR 13: no space for [io  size 0x1000]
Jan 17 10:08:07 ubuntu kernel: [    0.339208] pci 0000:00:18.4: BAR 13: failed to assign [io  size 0x1000]
Jan 17 10:08:07 ubuntu kernel: [    0.339209] pci 0000:00:18.5: BAR 13: no space for [io  size 0x1000]
Jan 17 10:08:07 ubuntu kernel: [    0.339210] pci 0000:00:18.5: BAR 13: failed to assign [io  size 0x1000]
Jan 17 10:08:07 ubuntu kernel: [    0.339211] pci 0000:00:18.6: BAR 13: no space for [io  size 0x1000]
Jan 17 10:08:07 ubuntu kernel: [    0.339212] pci 0000:00:18.6: BAR 13: failed to assign [io  size 0x1000]
Jan 17 10:08:07 ubuntu kernel: [    0.339213] pci 0000:00:18.7: BAR 13: no space for [io  size 0x1000]
Jan 17 10:08:07 ubuntu kernel: [    0.339214] pci 0000:00:18.7: BAR 13: failed to assign [io  size 0x1000]
Jan 17 10:08:07 ubuntu kernel: [    0.339217] pci 0000:00:18.7: BAR 13: no space for [io  size 0x1000]
Jan 17 10:08:07 ubuntu kernel: [    0.339217] pci 0000:00:18.7: BAR 13: failed to assign [io  size 0x1000]
Jan 17 10:08:07 ubuntu kernel: [    0.339218] pci 0000:00:18.6: BAR 13: no space for [io  size 0x1000]
Jan 17 10:08:07 ubuntu kernel: [    0.339219] pci 0000:00:18.6: BAR 13: failed to assign [io  size 0x1000]
Jan 17 10:08:07 ubuntu kernel: [    0.339220] pci 0000:00:18.5: BAR 13: no space for [io  size 0x1000]
Jan 17 10:08:07 ubuntu kernel: [    0.339221] pci 0000:00:18.5: BAR 13: failed to assign [io  size 0x1000]
Jan 17 10:08:07 ubuntu kernel: [    0.339222] pci 0000:00:18.4: BAR 13: no space for [io  size 0x1000]
Jan 17 10:08:07 ubuntu kernel: [    0.339223] pci 0000:00:18.4: BAR 13: failed to assign [io  size 0x1000]
Jan 17 10:08:07 ubuntu kernel: [    0.339224] pci 0000:00:18.3: BAR 13: no space for [io  size 0x1000]
Jan 17 10:08:07 ubuntu kernel: [    0.339225] pci 0000:00:18.3: BAR 13: failed to assign [io  size 0x1000]
Jan 17 10:08:07 ubuntu kernel: [    0.339226] pci 0000:00:18.2: BAR 13: no space for [io  size 0x1000]
Jan 17 10:08:07 ubuntu kernel: [    0.339227] pci 0000:00:18.2: BAR 13: failed to assign [io  size 0x1000]
Jan 17 10:08:07 ubuntu kernel: [    0.339228] pci 0000:00:17.7: BAR 13: no space for [io  size 0x1000]
Jan 17 10:08:07 ubuntu kernel: [    0.339229] pci 0000:00:17.7: BAR 13: failed to assign [io  size 0x1000]
Jan 17 10:08:07 ubuntu kernel: [    0.339230] pci 0000:00:17.6: BAR 13: no space for [io  size 0x1000]
Jan 17 10:08:07 ubuntu kernel: [    0.339231] pci 0000:00:17.6: BAR 13: failed to assign [io  size 0x1000]
Jan 17 10:08:07 ubuntu kernel: [    0.339232] pci 0000:00:17.5: BAR 13: no space for [io  size 0x1000]
Jan 17 10:08:07 ubuntu kernel: [    0.339232] pci 0000:00:17.5: BAR 13: failed to assign [io  size 0x1000]
Jan 17 10:08:07 ubuntu kernel: [    0.339234] pci 0000:00:17.4: BAR 13: no space for [io  size 0x1000]
Jan 17 10:08:07 ubuntu kernel: [    0.339234] pci 0000:00:17.4: BAR 13: failed to assign [io  size 0x1000]
Jan 17 10:08:07 ubuntu kernel: [    0.339236] pci 0000:00:17.3: BAR 13: no space for [io  size 0x1000]
Jan 17 10:08:07 ubuntu kernel: [    0.339236] pci 0000:00:17.3: BAR 13: failed to assign [io  size 0x1000]
Jan 17 10:08:07 ubuntu kernel: [    0.339237] pci 0000:00:16.7: BAR 13: no space for [io  size 0x1000]
Jan 17 10:08:07 ubuntu kernel: [    0.339238] pci 0000:00:16.7: BAR 13: failed to assign [io  size 0x1000]
Jan 17 10:08:07 ubuntu kernel: [    0.339239] pci 0000:00:16.6: BAR 13: no space for [io  size 0x1000]
Jan 17 10:08:07 ubuntu kernel: [    0.339240] pci 0000:00:16.6: BAR 13: failed to assign [io  size 0x1000]
Jan 17 10:08:07 ubuntu kernel: [    0.339241] pci 0000:00:16.5: BAR 13: no space for [io  size 0x1000]
Jan 17 10:08:07 ubuntu kernel: [    0.339242] pci 0000:00:16.5: BAR 13: failed to assign [io  size 0x1000]
Jan 17 10:08:07 ubuntu kernel: [    0.339243] pci 0000:00:16.4: BAR 13: no space for [io  size 0x1000]
Jan 17 10:08:07 ubuntu kernel: [    0.339244] pci 0000:00:16.4: BAR 13: failed to assign [io  size 0x1000]
Jan 17 10:08:07 ubuntu kernel: [    0.339245] pci 0000:00:16.3: BAR 13: no space for [io  size 0x1000]
Jan 17 10:08:07 ubuntu kernel: [    0.339246] pci 0000:00:16.3: BAR 13: failed to assign [io  size 0x1000]
Jan 17 10:08:07 ubuntu kernel: [    0.339247] pci 0000:00:15.7: BAR 13: no space for [io  size 0x1000]
Jan 17 10:08:07 ubuntu kernel: [    0.339248] pci 0000:00:15.7: BAR 13: failed to assign [io  size 0x1000]
Jan 17 10:08:07 ubuntu kernel: [    0.339249] pci 0000:00:15.6: BAR 13: no space for [io  size 0x1000]
Jan 17 10:08:07 ubuntu kernel: [    0.339250] pci 0000:00:15.6: BAR 13: failed to assign [io  size 0x1000]
Jan 17 10:08:07 ubuntu kernel: [    0.339251] pci 0000:00:15.5: BAR 13: no space for [io  size 0x1000]
Jan 17 10:08:07 ubuntu kernel: [    0.339251] pci 0000:00:15.5: BAR 13: failed to assign [io  size 0x1000]
Jan 17 10:08:07 ubuntu kernel: [    0.339253] pci 0000:00:15.4: BAR 13: no space for [io  size 0x1000]
Jan 17 10:08:07 ubuntu kernel: [    0.339253] pci 0000:00:15.4: BAR 13: failed to assign [io  size 0x1000]
Jan 17 10:08:07 ubuntu kernel: [    0.339255] pci 0000:00:15.3: BAR 13: no space for [io  size 0x1000]
Jan 17 10:08:07 ubuntu kernel: [    0.339255] pci 0000:00:15.3: BAR 13: failed to assign [io  size 0x1000]
Jan 17 10:08:07 ubuntu kernel: [    0.339257] pci 0000:00:01.0: PCI bridge to [bus 01]
Jan 17 10:08:07 ubuntu kernel: [    0.339338] pci 0000:02:01.0: BAR 6: assigned [mem 0xfd500000-0xfd50ffff pref]
Jan 17 10:08:07 ubuntu kernel: [    0.339339] pci 0000:02:05.0: BAR 6: assigned [mem 0xfd510000-0xfd51ffff pref]
Jan 17 10:08:07 ubuntu kernel: [    0.339341] pci 0000:00:11.0: PCI bridge to [bus 02]
Jan 17 10:08:07 ubuntu kernel: [    0.339351] pci 0000:00:11.0:   bridge window [io  0x2000-0x3fff]
Jan 17 10:08:07 ubuntu kernel: [    0.339377] pci 0000:00:11.0:   bridge window [mem 0xfd500000-0xfdffffff]
Jan 17 10:08:07 ubuntu kernel: [    0.339395] pci 0000:00:11.0:   bridge window [mem 0xe7b00000-0xe7ffffff 64bit pref]
Jan 17 10:08:07 ubuntu kernel: [    0.339430] pci 0000:00:15.0: PCI bridge to [bus 03]
Jan 17 10:08:07 ubuntu kernel: [    0.339440] pci 0000:00:15.0:   bridge window [io  0x4000-0x4fff]
Jan 17 10:08:07 ubuntu kernel: [    0.339466] pci 0000:00:15.0:   bridge window [mem 0xfd400000-0xfd4fffff]
Jan 17 10:08:07 ubuntu kernel: [    0.339484] pci 0000:00:15.0:   bridge window [mem 0xe7a00000-0xe7afffff 64bit pref]
Jan 17 10:08:07 ubuntu kernel: [    0.339549] pci 0000:00:15.1: PCI bridge to [bus 04]
Jan 17 10:08:07 ubuntu kernel: [    0.339560] pci 0000:00:15.1:   bridge window [io  0x8000-0x8fff]
Jan 17 10:08:07 ubuntu kernel: [    0.339587] pci 0000:00:15.1:   bridge window [mem 0xfd000000-0xfd0fffff]
Jan 17 10:08:07 ubuntu kernel: [    0.339605] pci 0000:00:15.1:   bridge window [mem 0xe7600000-0xe76fffff 64bit pref]
Jan 17 10:08:07 ubuntu kernel: [    0.339652] pci 0000:00:15.2: PCI bridge to [bus 05]
Jan 17 10:08:07 ubuntu kernel: [    0.339662] pci 0000:00:15.2:   bridge window [io  0xc000-0xcfff]
Jan 17 10:08:07 ubuntu kernel: [    0.339688] pci 0000:00:15.2:   bridge window [mem 0xfcc00000-0xfccfffff]
Jan 17 10:08:07 ubuntu kernel: [    0.339706] pci 0000:00:15.2:   bridge window [mem 0xe7200000-0xe72fffff 64bit pref]
Jan 17 10:08:07 ubuntu kernel: [    0.339752] pci 0000:00:15.3: PCI bridge to [bus 06]
Jan 17 10:08:07 ubuntu kernel: [    0.339779] pci 0000:00:15.3:   bridge window [mem 0xfc800000-0xfc8fffff]
Jan 17 10:08:07 ubuntu kernel: [    0.339797] pci 0000:00:15.3:   bridge window [mem 0xe6e00000-0xe6efffff 64bit pref]
Jan 17 10:08:07 ubuntu kernel: [    0.339844] pci 0000:00:15.4: PCI bridge to [bus 07]
Jan 17 10:08:07 ubuntu kernel: [    0.339871] pci 0000:00:15.4:   bridge window [mem 0xfc400000-0xfc4fffff]
Jan 17 10:08:07 ubuntu kernel: [    0.339889] pci 0000:00:15.4:   bridge window [mem 0xe6a00000-0xe6afffff 64bit pref]
Jan 17 10:08:07 ubuntu kernel: [    0.339934] pci 0000:00:15.5: PCI bridge to [bus 08]
Jan 17 10:08:07 ubuntu kernel: [    0.339989] pci 0000:00:15.5:   bridge window [mem 0xfc000000-0xfc0fffff]
Jan 17 10:08:07 ubuntu kernel: [    0.340017] pci 0000:00:15.5:   bridge window [mem 0xe6600000-0xe66fffff 64bit pref]
Jan 17 10:08:07 ubuntu kernel: [    0.340100] pci 0000:00:15.6: PCI bridge to [bus 09]
Jan 17 10:08:07 ubuntu kernel: [    0.340143] pci 0000:00:15.6:   bridge window [mem 0xfbc00000-0xfbcfffff]
Jan 17 10:08:07 ubuntu kernel: [    0.340181] pci 0000:00:15.6:   bridge window [mem 0xe6200000-0xe62fffff 64bit pref]
Jan 17 10:08:07 ubuntu kernel: [    0.340243] pci 0000:00:15.7: PCI bridge to [bus 0a]
Jan 17 10:08:07 ubuntu kernel: [    0.340270] pci 0000:00:15.7:   bridge window [mem 0xfb800000-0xfb8fffff]
Jan 17 10:08:07 ubuntu kernel: [    0.340308] pci 0000:00:15.7:   bridge window [mem 0xe5e00000-0xe5efffff 64bit pref]
Jan 17 10:08:07 ubuntu kernel: [    0.340357] pci 0000:00:16.0: PCI bridge to [bus 0b]
Jan 17 10:08:07 ubuntu kernel: [    0.340369] pci 0000:00:16.0:   bridge window [io  0x5000-0x5fff]
Jan 17 10:08:07 ubuntu kernel: [    0.340428] pci 0000:00:16.0:   bridge window [mem 0xfd300000-0xfd3fffff]
Jan 17 10:08:07 ubuntu kernel: [    0.340447] pci 0000:00:16.0:   bridge window [mem 0xe7900000-0xe79fffff 64bit pref]
Jan 17 10:08:07 ubuntu kernel: [    0.340514] pci 0000:00:16.1: PCI bridge to [bus 0c]
Jan 17 10:08:07 ubuntu kernel: [    0.340524] pci 0000:00:16.1:   bridge window [io  0x9000-0x9fff]
Jan 17 10:08:07 ubuntu kernel: [    0.340550] pci 0000:00:16.1:   bridge window [mem 0xfcf00000-0xfcffffff]
Jan 17 10:08:07 ubuntu kernel: [    0.340587] pci 0000:00:16.1:   bridge window [mem 0xe7500000-0xe75fffff 64bit pref]
Jan 17 10:08:07 ubuntu kernel: [    0.340669] pci 0000:00:16.2: PCI bridge to [bus 0d]
Jan 17 10:08:07 ubuntu kernel: [    0.340693] pci 0000:00:16.2:   bridge window [io  0xd000-0xdfff]
Jan 17 10:08:07 ubuntu kernel: [    0.340720] pci 0000:00:16.2:   bridge window [mem 0xfcb00000-0xfcbfffff]
Jan 17 10:08:07 ubuntu kernel: [    0.340738] pci 0000:00:16.2:   bridge window [mem 0xe7100000-0xe71fffff 64bit pref]
Jan 17 10:08:07 ubuntu kernel: [    0.340783] pci 0000:00:16.3: PCI bridge to [bus 0e]
Jan 17 10:08:07 ubuntu kernel: [    0.340810] pci 0000:00:16.3:   bridge window [mem 0xfc700000-0xfc7fffff]
Jan 17 10:08:07 ubuntu kernel: [    0.340828] pci 0000:00:16.3:   bridge window [mem 0xe6d00000-0xe6dfffff 64bit pref]
Jan 17 10:08:07 ubuntu kernel: [    0.340874] pci 0000:00:16.4: PCI bridge to [bus 0f]
Jan 17 10:08:07 ubuntu kernel: [    0.340901] pci 0000:00:16.4:   bridge window [mem 0xfc300000-0xfc3fffff]
Jan 17 10:08:07 ubuntu kernel: [    0.340919] pci 0000:00:16.4:   bridge window [mem 0xe6900000-0xe69fffff 64bit pref]
Jan 17 10:08:07 ubuntu kernel: [    0.340964] pci 0000:00:16.5: PCI bridge to [bus 10]
Jan 17 10:08:07 ubuntu kernel: [    0.340992] pci 0000:00:16.5:   bridge window [mem 0xfbf00000-0xfbffffff]
Jan 17 10:08:07 ubuntu kernel: [    0.341010] pci 0000:00:16.5:   bridge window [mem 0xe6500000-0xe65fffff 64bit pref]
Jan 17 10:08:07 ubuntu kernel: [    0.341056] pci 0000:00:16.6: PCI bridge to [bus 11]
Jan 17 10:08:07 ubuntu kernel: [    0.341082] pci 0000:00:16.6:   bridge window [mem 0xfbb00000-0xfbbfffff]
Jan 17 10:08:07 ubuntu kernel: [    0.341100] pci 0000:00:16.6:   bridge window [mem 0xe6100000-0xe61fffff 64bit pref]
Jan 17 10:08:07 ubuntu kernel: [    0.341148] pci 0000:00:16.7: PCI bridge to [bus 12]
Jan 17 10:08:07 ubuntu kernel: [    0.341175] pci 0000:00:16.7:   bridge window [mem 0xfb700000-0xfb7fffff]
Jan 17 10:08:07 ubuntu kernel: [    0.341193] pci 0000:00:16.7:   bridge window [mem 0xe5d00000-0xe5dfffff 64bit pref]
Jan 17 10:08:07 ubuntu kernel: [    0.341239] pci 0000:00:17.0: PCI bridge to [bus 13]
Jan 17 10:08:07 ubuntu kernel: [    0.341249] pci 0000:00:17.0:   bridge window [io  0x6000-0x6fff]
Jan 17 10:08:07 ubuntu kernel: [    0.341275] pci 0000:00:17.0:   bridge window [mem 0xfd200000-0xfd2fffff]
Jan 17 10:08:07 ubuntu kernel: [    0.341293] pci 0000:00:17.0:   bridge window [mem 0xe7800000-0xe78fffff 64bit pref]
Jan 17 10:08:07 ubuntu kernel: [    0.341339] pci 0000:00:17.1: PCI bridge to [bus 14]
Jan 17 10:08:07 ubuntu kernel: [    0.341349] pci 0000:00:17.1:   bridge window [io  0xa000-0xafff]
Jan 17 10:08:07 ubuntu kernel: [    0.341375] pci 0000:00:17.1:   bridge window [mem 0xfce00000-0xfcefffff]
Jan 17 10:08:07 ubuntu kernel: [    0.341393] pci 0000:00:17.1:   bridge window [mem 0xe7400000-0xe74fffff 64bit pref]
Jan 17 10:08:07 ubuntu kernel: [    0.341439] pci 0000:00:17.2: PCI bridge to [bus 15]
Jan 17 10:08:07 ubuntu kernel: [    0.341449] pci 0000:00:17.2:   bridge window [io  0xe000-0xefff]
Jan 17 10:08:07 ubuntu kernel: [    0.341475] pci 0000:00:17.2:   bridge window [mem 0xfca00000-0xfcafffff]
Jan 17 10:08:07 ubuntu kernel: [    0.341493] pci 0000:00:17.2:   bridge window [mem 0xe7000000-0xe70fffff 64bit pref]
Jan 17 10:08:07 ubuntu kernel: [    0.341538] pci 0000:00:17.3: PCI bridge to [bus 16]
Jan 17 10:08:07 ubuntu kernel: [    0.341565] pci 0000:00:17.3:   bridge window [mem 0xfc600000-0xfc6fffff]
Jan 17 10:08:07 ubuntu kernel: [    0.341583] pci 0000:00:17.3:   bridge window [mem 0xe6c00000-0xe6cfffff 64bit pref]
